Component: ARM Compiler 5.06 update 4 (build 422) Tool: armlink [4d35d2]

==============================================================================

Section Cross References

    startup_stm32f10x_hd.o(RESET) refers to startup_stm32f10x_hd.o(STACK) for __initial_sp
    startup_stm32f10x_hd.o(RESET) refers to startup_stm32f10x_hd.o(.text) for Reset_Handler
    startup_stm32f10x_hd.o(RESET) refers to stm32f10x_it.o(i.NMI_Handler) for NMI_Handler
    startup_stm32f10x_hd.o(RESET) refers to stm32f10x_it.o(i.HardFault_Handler) for HardFault_Handler
    startup_stm32f10x_hd.o(RESET) refers to stm32f10x_it.o(i.MemManage_Handler) for MemManage_Handler
    startup_stm32f10x_hd.o(RESET) refers to stm32f10x_it.o(i.BusFault_Handler) for BusFault_Handler
    startup_stm32f10x_hd.o(RESET) refers to stm32f10x_it.o(i.UsageFault_Handler) for UsageFault_Handler
    startup_stm32f10x_hd.o(RESET) refers to stm32f10x_it.o(i.SVC_Handler) for SVC_Handler
    startup_stm32f10x_hd.o(RESET) refers to stm32f10x_it.o(i.DebugMon_Handler) for DebugMon_Handler
    startup_stm32f10x_hd.o(RESET) refers to stm32f10x_it.o(i.PendSV_Handler) for PendSV_Handler
    startup_stm32f10x_hd.o(RESET) refers to stm32f10x_it.o(i.SysTick_Handler) for SysTick_Handler
    startup_stm32f10x_hd.o(RESET) refers to stm32f10x_it.o(i.EXTI3_IRQHandler) for EXTI3_IRQHandler
    startup_stm32f10x_hd.o(RESET) refers to stm32f10x_it.o(i.USART1_IRQHandler) for USART1_IRQHandler
    startup_stm32f10x_hd.o(RESET) refers to stm32f10x_it.o(i.USART3_IRQHandler) for USART3_IRQHandler
    startup_stm32f10x_hd.o(RESET) refers to stm32f10x_it.o(i.SDIO_IRQHandler) for SDIO_IRQHandler
    startup_stm32f10x_hd.o(.text) refers to system_stm32f10x.o(i.SystemInit) for SystemInit
    startup_stm32f10x_hd.o(.text) refers to entry.o(.ARM.Collect$$$$00000000) for __main
    system_stm32f10x.o(i.SetSysClock) refers to system_stm32f10x.o(i.SetSysClockTo72) for SetSysClockTo72
    system_stm32f10x.o(i.SystemCoreClockUpdate) refers to system_stm32f10x.o(.data) for SystemCoreClock
    system_stm32f10x.o(i.SystemInit) refers to system_stm32f10x.o(i.SetSysClock) for SetSysClock
    stm32f10x_adc.o(i.ADC_DeInit) refers to stm32f10x_rcc.o(i.RCC_APB2PeriphResetCmd) for RCC_APB2PeriphResetCmd
    stm32f10x_bkp.o(i.BKP_DeInit) refers to stm32f10x_rcc.o(i.RCC_BackupResetCmd) for RCC_BackupResetCmd
    stm32f10x_can.o(i.CAN_DeInit) refers to stm32f10x_rcc.o(i.RCC_APB1PeriphResetCmd) for RCC_APB1PeriphResetCmd
    stm32f10x_can.o(i.CAN_GetITStatus) refers to stm32f10x_can.o(i.CheckITStatus) for CheckITStatus
    stm32f10x_cec.o(i.CEC_DeInit) refers to stm32f10x_rcc.o(i.RCC_APB1PeriphResetCmd) for RCC_APB1PeriphResetCmd
    stm32f10x_dac.o(i.DAC_DeInit) refers to stm32f10x_rcc.o(i.RCC_APB1PeriphResetCmd) for RCC_APB1PeriphResetCmd
    stm32f10x_flash.o(i.FLASH_EnableWriteProtection) refers to stm32f10x_flash.o(i.FLASH_WaitForLastOperation) for FLASH_WaitForLastOperation
    stm32f10x_flash.o(i.FLASH_EraseAllBank1Pages) refers to stm32f10x_flash.o(i.FLASH_WaitForLastBank1Operation) for FLASH_WaitForLastBank1Operation
    stm32f10x_flash.o(i.FLASH_EraseAllPages) refers to stm32f10x_flash.o(i.FLASH_WaitForLastOperation) for FLASH_WaitForLastOperation
    stm32f10x_flash.o(i.FLASH_EraseOptionBytes) refers to stm32f10x_flash.o(i.FLASH_GetReadOutProtectionStatus) for FLASH_GetReadOutProtectionStatus
    stm32f10x_flash.o(i.FLASH_EraseOptionBytes) refers to stm32f10x_flash.o(i.FLASH_WaitForLastOperation) for FLASH_WaitForLastOperation
    stm32f10x_flash.o(i.FLASH_ErasePage) refers to stm32f10x_flash.o(i.FLASH_WaitForLastOperation) for FLASH_WaitForLastOperation
    stm32f10x_flash.o(i.FLASH_ProgramHalfWord) refers to stm32f10x_flash.o(i.FLASH_WaitForLastOperation) for FLASH_WaitForLastOperation
    stm32f10x_flash.o(i.FLASH_ProgramOptionByteData) refers to stm32f10x_flash.o(i.FLASH_WaitForLastOperation) for FLASH_WaitForLastOperation
    stm32f10x_flash.o(i.FLASH_ProgramWord) refers to stm32f10x_flash.o(i.FLASH_WaitForLastOperation) for FLASH_WaitForLastOperation
    stm32f10x_flash.o(i.FLASH_ReadOutProtection) refers to stm32f10x_flash.o(i.FLASH_WaitForLastOperation) for FLASH_WaitForLastOperation
    stm32f10x_flash.o(i.FLASH_UserOptionByteConfig) refers to stm32f10x_flash.o(i.FLASH_WaitForLastOperation) for FLASH_WaitForLastOperation
    stm32f10x_flash.o(i.FLASH_WaitForLastBank1Operation) refers to stm32f10x_flash.o(i.FLASH_GetBank1Status) for FLASH_GetBank1Status
    stm32f10x_flash.o(i.FLASH_WaitForLastOperation) refers to stm32f10x_flash.o(i.FLASH_GetBank1Status) for FLASH_GetBank1Status
    stm32f10x_gpio.o(i.GPIO_AFIODeInit) refers to stm32f10x_rcc.o(i.RCC_APB2PeriphResetCmd) for RCC_APB2PeriphResetCmd
    stm32f10x_gpio.o(i.GPIO_DeInit) refers to stm32f10x_rcc.o(i.RCC_APB2PeriphResetCmd) for RCC_APB2PeriphResetCmd
    stm32f10x_i2c.o(i.I2C_DeInit) refers to stm32f10x_rcc.o(i.RCC_APB1PeriphResetCmd) for RCC_APB1PeriphResetCmd
[...]
    i.SDIO_DeInit                            0x08002634   Section        0  stm32f10x_sdio.o(i.SDIO_DeInit)
    i.SDIO_GetCommandResponse                0x08002658   Section        0  stm32f10x_sdio.o(i.SDIO_GetCommandResponse)
    i.SDIO_GetFlagStatus                     0x08002664   Section        0  stm32f10x_sdio.o(i.SDIO_GetFlagStatus)
    i.SDIO_GetPowerState                     0x0800267c   Section        0  stm32f10x_sdio.o(i.SDIO_GetPowerState)
    i.SDIO_GetResponse                       0x0800268c   Section        0  stm32f10x_sdio.o(i.SDIO_GetResponse)
    i.SDIO_IRQHandler                        0x080026a4   Section        0  stm32f10x_it.o(i.SDIO_IRQHandler)
    i.SDIO_ITConfig                          0x080026ac   Section        0  stm32f10x_sdio.o(i.SDIO_ITConfig)
    i.SDIO_Init                              0x080026cc   Section        0  stm32f10x_sdio.o(i.SDIO_Init)
    i.SDIO_ReadData                          0x080026fc   Section        0  stm32f10x_sdio.o(i.SDIO_ReadData)
    i.SDIO_SendCommand                       0x08002708   Section        0  stm32f10x_sdio.o(i.SDIO_SendCommand)
    i.SDIO_SetPowerState                     0x08002734   Section        0  stm32f10x_sdio.o(i.SDIO_SetPowerState)
    i.SD_DMAEndOfTransferStatus              0x08002750   Section        0  bsp_sdio_sdcard.o(i.SD_DMAEndOfTransferStatus)
    SD_DMAEndOfTransferStatus                0x08002751   Thumb Code    10  bsp_sdio_sdcard.o(i.SD_DMAEndOfTransferStatus)
    i.SD_DMA_RxConfig                        0x08002760   Section        0  bsp_sdio_sdcard.o(i.SD_DMA_RxConfig)
    SD_DMA_RxConfig                          0x08002761   Thumb Code    86  bsp_sdio_sdcard.o(i.SD_DMA_RxConfig)
    i.SD_DMA_TxConfig                        0x080027c4   Section        0  bsp_sdio_sdcard.o(i.SD_DMA_TxConfig)
    SD_DMA_TxConfig                          0x080027c5   Thumb Code    86  bsp_sdio_sdcard.o(i.SD_DMA_TxConfig)
    i.SD_EnableWideBusOperation              0x08002828   Section        0  bsp_sdio_sdcard.o(i.SD_EnableWideBusOperation)
    i.SD_GetCardInfo                         0x080028bc   Section        0  bsp_sdio_sdcard.o(i.SD_GetCardInfo)
    i.SD_GetState                            0x08002b88   Section        0  bsp_sdio_sdcard.o(i.SD_GetState)
    i.SD_GetStatus                           0x08002ba2   Section        0  bsp_sdio_sdcard.o(i.SD_GetStatus)
    i.SD_Init                                0x08002bc0   Section        0  bsp_sdio_sdcard.o(i.SD_Init)
    i.SD_InitializeCards                     0x08002c34   Section        0  bsp_sdio_sdcard.o(i.SD_InitializeCards)
    i.SD_PowerON                             0x08002d70   Section        0  bsp_sdio_sdcard.o(i.SD_PowerON)
    i.SD_ProcessIRQSrc                       0x08002ef8   Section        0  bsp_sdio_sdcard.o(i.SD_ProcessIRQSrc)
    i.SD_ReadMultiBlocks                     0x08002f50   Section        0  bsp_sdio_sdcard.o(i.SD_ReadMultiBlocks)
    i.SD_SelectDeselect                      0x08003038   Section        0  bsp_sdio_sdcard.o(i.SD_SelectDeselect)
    i.SD_SendStatus                          0x0800306c   Section        0  bsp_sdio_sdcard.o(i.SD_SendStatus)
    i.SD_WaitReadOperation                   0x080030a4   Section        0  bsp_sdio_sdcard.o(i.SD_WaitReadOperation)
    i.SD_WaitWriteOperation                  0x080030d8   Section        0  bsp_sdio_sdcard.o(i.SD_WaitWriteOperation)
    i.SD_WriteMultiBlocks                    0x08003114   Section        0  bsp_sdio_sdcard.o(i.SD_WriteMultiBlocks)
    i.SVC_Handler                            0x0800325c   Section        0  stm32f10x_it.o(i.SVC_Handler)
    i.Screen_Shot                            0x08003260   Section        0  bsp_bmp.o(i.Screen_Shot)
    i.SetSysClock                            0x08003424   Section        0  system_stm32f10x.o(i.SetSysClock)
    SetSysClock                              0x08003425   Thumb Code     8  system_stm32f10x.o(i.SetSysClock)
    i.SetSysClockTo72                        0x0800342c   Section        0  system_stm32f10x.o(i.SetSysClockTo72)
    SetSysClockTo72                          0x0800342d   Thumb Code   214  system_stm32f10x.o(i.SetSysClockTo72)
    i.SysTick_Handler                        0x0800350c   Section        0  stm32f10x_it.o(i.SysTick_Handler)
    i.SysTick_Init                           0x08003540   Section        0  bsp_systick.o(i.SysTick_Init)
    i.SystemInit                             0x080035b8   Section        0  system_stm32f10x.o(i.SystemInit)
    i.TIM_Cmd                                0x08003618   Section        0  stm32f10x_tim.o(i.TIM_Cmd)
    i.TIM_OC1Init                            0x08003630   Section        0  stm32f10x_tim.o(i.TIM_OC1Init)
    i.TIM_SelectInputTrigger                 0x080036c8   Section        0  stm32f10x_tim.o(i.TIM_SelectInputTrigger)
    i.TIM_SelectMasterSlaveMode              0x080036da   Section        0  stm32f10x_tim.o(i.TIM_SelectMasterSlaveMode)
    i.TIM_SelectOutputTrigger                0x080036ec   Section        0  stm32f10x_tim.o(i.TIM_SelectOutputTrigger)
    i.TIM_SelectSlaveMode                    0x080036fe   Section        0  stm32f10x_tim.o(i.TIM_SelectSlaveMode)
    i.TIM_TimeBaseInit                       0x08003710   Section        0  stm32f10x_tim.o(i.TIM_TimeBaseInit)
    i.TimeStamp_Increment                    0x080037b4   Section        0  bsp_systick.o(i.TimeStamp_Increment)
    i.TimingDelay_Decrement                  0x080037c4   Section        0  bsp_systick.o(i.TimingDelay_Decrement)
    i.USART1_IRQHandler                      0x080037dc   Section        0  stm32f10x_it.o(i.USART1_IRQHandler)
    i.USART3_IRQHandler                      0x080037e4   Section        0  stm32f10x_it.o(i.USART3_IRQHandler)
    i.USART_ClearFlag                        0x08003860   Section        0  stm32f10x_usart.o(i.USART_ClearFlag)
    i.USART_ClearITPendingBit                0x08003872   Section        0  stm32f10x_usart.o(i.USART_ClearITPendingBit)
    i.USART_Cmd                              0x08003890   Section        0  stm32f10x_usart.o(i.USART_Cmd)
    i.USART_GetFlagStatus                    0x080038a8   Section        0  stm32f10x_usart.o(i.USART_GetFlagStatus)
    i.USART_GetITStatus                      0x080038c2   Section        0  stm32f10x_usart.o(i.USART_GetITStatus)
    i.USART_ITConfig                         0x08003916   Section        0  stm32f10x_usart.o(i.USART_ITConfig)
    i.USART_Init                             0x08003960   Section        0  stm32f10x_usart.o(i.USART_Init)
    i.USART_ReceiveData                      0x08003a38   Section        0  stm32f10x_usart.o(i.USART_ReceiveData)
    i.USART_SendData                         0x08003a42   Section        0  stm32f10x_usart.o(i.USART_SendData)
    i.USART_printf                           0x08003a4a   Section        0  common.o(i.USART_printf)
    i.UsageFault_Handler                     0x08003b50   Section        0  stm32f10x_it.o(i.UsageFault_Handler)
    i.Usart_SendByte                         0x08003b54   Section        0  bsp_usart_blt.o(i.Usart_SendByte)
    Usart_SendByte                           0x08003b55   Thumb Code    30  bsp_usart_blt.o(i.Usart_SendByte)
    i.Usart_SendString                       0x08003b72   Section        0  bsp_usart_blt.o(i.Usart_SendString)
    i.VSYNC_GPIO_Config                      0x08003b90   Section        0  bsp_ov7725.o(i.VSYNC_GPIO_Config)
    VSYNC_GPIO_Config                        0x08003b91   Thumb Code   118  bsp_ov7725.o(i.VSYNC_GPIO_Config)
    i.__0printf$5                            0x08003c0c   Section        0  printf5.o(i.__0printf$5)
    i.__0sprintf$5                           0x08003c2c   Section        0  printf5.o(i.__0sprintf$5)
    i.__scatterload_copy                     0x08003c54   Section       14  handlers.o(i.__scatterload_copy)
    i.__scatterload_null                     0x08003c62   Section        2  handlers.o(i.__scatterload_null)
    i.__scatterload_zeroinit                 0x08003c64   Section       14  handlers.o(i.__scatterload_zeroinit)
    i._printf_core                           0x08003c74   Section        0  printf5.o(i._printf_core)
    _printf_core                             0x08003c75   Thumb Code   658  printf5.o(i._printf_core)
    i._sputc                                 0x08003f34   Section        0  printf5.o(i._sputc)
    _sputc                                   0x08003f35   Thumb Code    10  printf5.o(i._sputc)
    i.bleInit                                0x08003f40   Section        0  bsp_hc05.o(i.bleInit)
    i.bsp_USART_Process                      0x08004124   Section        0  bsp_usart_blt.o(i.bsp_USART_Process)
    i.check                                  0x08004174   Section        0  phores.o(i.check)
    i.check_fs                               0x080041ac   Section        0  ff.o(i.check_fs)
    check_fs                                 0x080041ad   Thumb Code   140  ff.o(i.check_fs)
    i.chk_chr                                0x0800423c   Section        0  ff.o(i.chk_chr)
    chk_chr                                  0x0800423d   Thumb Code    20  ff.o(i.chk_chr)
    i.clean_rebuff                           0x08004250   Section        0  bsp_usart_blt.o(i.clean_rebuff)
    i.clust2sect                             0x08004278   Section        0  ff.o(i.clust2sect)
    i.cmp_lfn                                0x08004294   Section        0  ff.o(i.cmp_lfn)
    cmp_lfn                                  0x08004295   Thumb Code   154  ff.o(i.cmp_lfn)
    i.create_chain                           0x08004334   Section        0  ff.o(i.create_chain)
    create_chain                             0x08004335   Thumb Code   214  ff.o(i.create_chain)
    i.create_name                            0x0800440c   Section        0  ff.o(i.create_name)
    create_name                              0x0800440d   Thumb Code   534  ff.o(i.create_name)
    i.decodeKey                              0x0800463c   Section        0  keyboard.o(i.decodeKey)
    i.dir_alloc                              0x080046ec   Section        0  ff.o(i.dir_alloc)
    dir_alloc                                0x080046ed   Thumb Code    92  ff.o(i.dir_alloc)
    i.dir_find                               0x08004748   Section        0  ff.o(i.dir_find)
    dir_find                                 0x08004749   Thumb Code   234  ff.o(i.dir_find)
    i.dir_next                               0x08004832   Section        0  ff.o(i.dir_next)
    dir_next                                 0x08004833   Thumb Code   314  ff.o(i.dir_next)
    i.dir_register                           0x0800496c   Section        0  ff.o(i.dir_register)
    dir_register                             0x0800496d   Thumb Code   298  ff.o(i.dir_register)
    i.dir_sdi                                0x08004a96   Section        0  ff.o(i.dir_sdi)
    dir_sdi                                  0x08004a97   Thumb Code   200  ff.o(i.dir_sdi)
    i.disk_initialize                        0x08004b5e   Section        0  diskio.o(i.disk_initialize)
    i.disk_ioctl                             0x08004b88   Section        0  diskio.o(i.disk_ioctl)
    i.disk_read                              0x08004bdc   Section        0  diskio.o(i.disk_read)
    i.disk_status                            0x08004c8a   Section        0  diskio.o(i.disk_status)
    i.disk_write                             0x08004ca6   Section        0  diskio.o(i.disk_write)
    i.f_close                                0x08004d5a   Section        0  ff.o(i.f_close)
    i.f_mount                                0x08004d7c   Section        0  ff.o(i.f_mount)
    i.f_open                                 0x08004dd8   Section        0  ff.o(i.f_open)
    i.f_sync                                 0x08004f56   Section        0  ff.o(i.f_sync)
    i.f_write                                0x08005006   Section        0  ff.o(i.f_write)
    i.ff_convert                             0x08005214   Section        0  ccsbcs.o(i.ff_convert)
    i.ff_wtoupper                            0x08005260   Section        0  ccsbcs.o(i.ff_wtoupper)
    i.find_volume                            0x080052bc   Section        0  ff.o(i.find_volume)
    find_volume                              0x080052bd   Thumb Code   966  ff.o(i.find_volume)
    i.fit_lfn                                0x08005694   Section        0  ff.o(i.fit_lfn)
    fit_lfn                                  0x08005695   Thumb Code   122  ff.o(i.fit_lfn)
    i.follow_path                            0x08005714   Section        0  ff.o(i.follow_path)
    follow_path                              0x08005715   Thumb Code   144  ff.o(i.follow_path)
    i.fputc                                  0x080057a4   Section        0  bsp_usart.o(i.fputc)
    i.gen_numname                            0x080057c8   Section        0  ff.o(i.gen_numname)
    gen_numname                              0x080057c9   Thumb Code   176  ff.o(i.gen_numname)
    i.getKeyboardInput                       0x0800587c   Section        0  keyboard.o(i.getKeyboardInput)
    i.get_fat                                0x08005938   Section        0  ff.o(i.get_fat)
    i.get_fattime                            0x08005a78   Section        0  diskio.o(i.get_fattime)
    i.get_ldnumber                           0x08005a80   Section        0  ff.o(i.get_ldnumber)
    get_ldnumber                             0x08005a81   Thumb Code    74  ff.o(i.get_ldnumber)
    i.get_line                               0x08005aca   Section        0  bsp_hc05.o(i.get_line)
    i.get_rebuff                             0x08005b18   Section        0  bsp_usart_blt.o(i.get_rebuff)
    i.htoul                                  0x08005b2c   Section        0  bsp_hc05.o(i.htoul)
    i.initAll                                0x08005b8c   Section        0  main.o(i.initAll)
    i.itoa                                   0x08005bf0   Section        0  common.o(i.itoa)
    itoa                                     0x08005bf1   Thumb Code    98  common.o(i.itoa)
    i.keyboardConfiguration                  0x08005c54   Section        0  keyboard.o(i.keyboardConfiguration)
    i.ld_clust                               0x08005cd8   Section        0  ff.o(i.ld_clust)
    ld_clust                                 0x08005cd9   Thumb Code    32  ff.o(i.ld_clust)
    i.linkHC05                               0x08005cf8   Section        0  bsp_hc05.o(i.linkHC05)
    i.main                                   0x08005d08   Section        0  main.o(i.main)
    i.mdelay                                 0x080061d8   Section        0  bsp_systick.o(i.mdelay)
    i.mem_cmp                                0x080061fc   Section        0  ff.o(i.mem_cmp)
    mem_cmp                                  0x080061fd   Thumb Code    38  ff.o(i.mem_cmp)
    i.mem_cpy                                0x08006222   Section        0  ff.o(i.mem_cpy)
    mem_cpy                                  0x08006223   Thumb Code    26  ff.o(i.mem_cpy)
    i.mem_set                                0x0800623c   Section        0  ff.o(i.mem_set)
    mem_set                                  0x0800623d   Thumb Code    20  ff.o(i.mem_set)
    i.move_window                            0x08006250   Section        0  ff.o(i.move_window)
    move_window                              0x08006251   Thumb Code    52  ff.o(i.move_window)
    i.openDoor                               0x08006284   Section        0  pwm.o(i.openDoor)
    i.parseBluetoothAddress                  0x080062a8   Section        0  bsp_hc05.o(i.parseBluetoothAddress)
    i.put_fat                                0x080064f4   Section        0  ff.o(i.put_fat)
    i.remove_chain                           0x0800667c   Section        0  ff.o(i.remove_chain)
    remove_chain                             0x0800667d   Thumb Code   108  ff.o(i.remove_chain)
    i.rssiScan                               0x080066e8   Section        0  bsp_hc05.o(i.rssiScan)
    i.skipPrefix                             0x080066fc   Section        0  bsp_hc05.o(i.skipPrefix)
    i.st_clust                               0x08006732   Section        0  ff.o(i.st_clust)
    st_clust                                 0x08006733   Thumb Code    16  ff.o(i.st_clust)
    i.strBLTAddr                             0x08006744   Section        0  bsp_hc05.o(i.strBLTAddr)
    i.sum_sfn                                0x080067a8   Section        0  ff.o(i.sum_sfn)
    sum_sfn                                  0x080067a9   Thumb Code    32  ff.o(i.sum_sfn)
    i.sync_fs                                0x080067c8   Section        0  ff.o(i.sync_fs)
    sync_fs                                  0x080067c9   Thumb Code   200  ff.o(i.sync_fs)
    i.sync_window                            0x08006890   Section        0  ff.o(i.sync_window)
    sync_window                              0x08006891   Thumb Code    82  ff.o(i.sync_window)
    i.validate                               0x080068e2   Section        0  ff.o(i.validate)
    validate                                 0x080068e3   Thumb Code    50  ff.o(i.validate)
    .constdata                               0x08006914   Section     1520  lcd.o(.constdata)
    .constdata                               0x08006f04   Section       42  bsp_hc05.o(.constdata)
    .constdata                               0x08006f2e   Section      186  ff.o(.constdata)
    ExCvt                                    0x08006f2e   Data         128  ff.o(.constdata)
    LfnOfs                                   0x08006fae   Data          13  ff.o(.constdata)
    vst                                      0x08006fbc   Data          22  ff.o(.constdata)
    cst                                      0x08006fd2   Data          22  ff.o(.constdata)
    .constdata                               0x08006fe8   Section     2232  ccsbcs.o(.constdata)
    Tbl                                      0x08006fe8   Data         256  ccsbcs.o(.constdata)
    lower                                    0x080070e8   Data         988  ccsbcs.o(.constdata)
    upper                                    0x080074c4   Data         988  ccsbcs.o(.constdata)
    .data                                    0x20000000   Section       20  system_stm32f10x.o(.data)
    .data                                    0x20000014   Section       20  stm32f10x_rcc.o(.data)
    APBAHBPrescTable                         0x20000014   Data          16  stm32f10x_rcc.o(.data)
    ADCPrescTable                            0x20000024   Data           4  stm32f10x_rcc.o(.data)
    .data                                    0x20000028   Section       64  main.o(.data)
    .data                                    0x20000068   Section        8  bsp_systick.o(.data)
    TimingDelay                              0x20000068   Data           4  bsp_systick.o(.data)
    .data                                    0x20000070   Section        2  bsp_usart_blt.o(.data)
    .data                                    0x20000072   Section        1  bsp_bmp.o(.data)
    .data                                    0x20000074   Section       10  ff.o(.data)
    FatFs                                    0x20000074   Data           8  ff.o(.data)
    Fsid                                     0x2000007c   Data           2  ff.o(.data)
    .data                                    0x2000007e   Section      176  bsp_ov7725.o(.data)
    .data                                    0x20000130   Section       20  bsp_sdio_sdcard.o(.data)
    CardType                                 0x20000130   Data           4  bsp_sdio_sdcard.o(.data)
    RCA                                      0x20000134   Data           4  bsp_sdio_sdcard.o(.data)
    .data                                    0x20000144   Section        4  rand.o(.data)
    _rand_state                              0x20000144   Data           4  rand.o(.data)
    .data                                    0x20000148   Section        4  stdout.o(.data)
    .bss                                     0x2000014c   Section     4960  main.o(.bss)
    .bss                                     0x200014ac   Section     1024  bsp_usart_blt.o(.bss)
    .bss                                     0x200018ac   Section       16  pwm.o(.bss)
    .bss                                     0x200018bc   Section       20  phores.o(.bss)
    .bss                                     0x200018d0   Section     1026  bsp_esp8266.o(.bss)
    .bss                                     0x20001cd4   Section     9224  bsp_bmp.o(.bss)
    .bss                                     0x200040dc   Section      196  bsp_sdio_sdcard.o(.bss)
    CSD_Tab                                  0x200040dc   Data          16  bsp_sdio_sdcard.o(.bss)
    CID_Tab                                  0x200040ec   Data          16  bsp_sdio_sdcard.o(.bss)
    SDSTATUS_Tab                             0x200040fc   Data          16  bsp_sdio_sdcard.o(.bss)
    STACK                                    0x200041a0   Section     1024  startup_stm32f10x_hd.o(STACK)

    Global Symbols

    Symbol Name                              Value     Ov Type        Size  Object(Section)

    BuildAttributes$$THM_ISAv4$P$D$K$B$S$PE$A:L22UL41UL21$X:L11$S22US41US21$IEEE1$IW$USESV6$~STKCKD$USESV7$~SHL$OTIME$ROPI$EBA8$MICROLIB$REQ8$PRES8$EABIv2 0x00000000   Number         0  anon$$obj.o ABSOLUTE
    __ARM_use_no_argv                        0x00000000   Number         0  main.o ABSOLUTE
    _printf_a                                0x00000000   Number         0  stubs.o ABSOLUTE
    _printf_c                                0x00000000   Number         0  stubs.o ABSOLUTE
    _printf_charcount                        0x00000000   Number         0  stubs.o ABSOLUTE
    _printf_d                                0x00000000   Number         0  stubs.o ABSOLUTE
    _printf_e                                0x00000000   Number         0  stubs.o ABSOLUTE
    _printf_f                                0x00000000   Number         0  stubs.o ABSOLUTE
    _printf_flags                            0x00000000   Number         0  stubs.o ABSOLUTE
    _printf_fp_dec                           0x00000000   Number         0  stubs.o ABSOLUTE
    _printf_fp_hex                           0x00000000   Number         0  stubs.o ABSOLUTE
    _printf_g                                0x00000000   Number         0  stubs.o ABSOLUTE
    _printf_i                                0x00000000   Number         0  stubs.o ABSOLUTE
    _printf_int_dec                          0x00000000   Number         0  stubs.o ABSOLUTE
    _printf_l                                0x00000000   Number         0  stubs.o ABSOLUTE
    _printf_lc                               0x00000000   Number         0  stubs.o ABSOLUTE
    _printf_ll                               0x00000000   Number         0  stubs.o ABSOLUTE
    _printf_lld                              0x00000000   Number         0  stubs.o ABSOLUTE
    _printf_lli                              0x00000000   Number         0  stubs.o ABSOLUTE
    _printf_llo                              0x00000000   Number         0  stubs.o ABSOLUTE
    _printf_llu                              0x00000000   Number         0  stubs.o ABSOLUTE
    _printf_llx                              0x00000000   Number         0  stubs.o ABSOLUTE
    _printf_longlong_dec                     0x00000000   Number         0  stubs.o ABSOLUTE
    _printf_longlong_hex                     0x00000000   Number         0  stubs.o ABSOLUTE
    _printf_longlong_oct                     0x00000000   Number         0  stubs.o ABSOLUTE
    _printf_ls                               0x00000000   Number         0  stubs.o ABSOLUTE
    _printf_mbtowc                           0x00000000   Number         0  stubs.o ABSOLUTE
    _printf_n                                0x00000000   Number         0  stubs.o ABSOLUTE
    _printf_o                                0x00000000   Number         0  stubs.o ABSOLUTE
    _printf_p                                0x00000000   Number         0  stubs.o ABSOLUTE
    _printf_percent                          0x00000000   Number         0  stubs.o ABSOLUTE
    _printf_pre_padding                      0x00000000   Number         0  stubs.o ABSOLUTE
    _printf_return_value                     0x00000000   Number         0  stubs.o ABSOLUTE
    _printf_s                                0x00000000   Number         0  stubs.o ABSOLUTE
    _printf_sizespec                         0x00000000   Number         0  stubs.o ABSOLUTE
    _printf_str                              0x00000000   Number         0  stubs.o ABSOLUTE
    _printf_truncate_signed                  0x00000000   Number         0  stubs.o ABSOLUTE
    _printf_truncate_unsigned                0x00000000   Number         0  stubs.o ABSOLUTE
    _printf_u                                0x00000000   Number         0  stubs.o ABSOLUTE
    _printf_wc                               0x00000000   Number         0  stubs.o ABSOLUTE
    _printf_wctomb                           0x00000000   Number         0  stubs.o ABSOLUTE
    _printf_widthprec                        0x00000000   Number         0  stubs.o ABSOLUTE
    _printf_x                                0x00000000   Number         0  stubs.o ABSOLUTE
    __cpp_initialize__aeabi_                  - Undefined Weak Reference
    __cxa_finalize                            - Undefined Weak Reference
    _clock_init                               - Undefined Weak Reference
    _microlib_exit                            - Undefined Weak Reference
    __Vectors_Size                           0x00000130   Number         0  startup_stm32f10x_hd.o ABSOLUTE
    __Vectors                                0x08000000   Data           4  startup_stm32f10x_hd.o(RESET)
    __Vectors_End                            0x08000130   Data           0  startup_stm32f10x_hd.o(RESET)
    __main                                   0x08000131   Thumb Code     0  entry.o(.ARM.Collect$$$$00000000)
    _main_stk                                0x08000131   Thumb Code     0  entry2.o(.ARM.Collect$$$$00000001)
    _main_scatterload                        0x08000135   Thumb Code     0  entry5.o(.ARM.Collect$$$$00000004)
    __main_after_scatterload                 0x08000139   Thumb Code     0  entry5.o(.ARM.Collect$$$$00000004)
    _main_clock                              0x08000139   Thumb Code     0  entry7b.o(.ARM.Collect$$$$00000008)
    _main_cpp_init                           0x08000139   Thumb Code     0  entry8b.o(.ARM.Collect$$$$0000000A)
    _main_init                               0x08000139   Thumb Code     0  entry9a.o(.ARM.Collect$$$$0000000B)
    __rt_final_cpp                           0x08000141   Thumb Code     0  entry10a.o(.ARM.Collect$$$$0000000D)
    __rt_final_exit                          0x08000141   Thumb Code     0  entry11a.o(.ARM.Collect$$$$0000000F)
    Reset_Handler                            0x08000145   Thumb Code     8  startup_stm32f10x_hd.o(.text)
    ADC1_2_IRQHandler                        0x0800015f   Thumb Code     0  startup_stm32f10x_hd.o(.text)
    ADC3_IRQHandler                          0x0800015f   Thumb Code     0  startup_stm32f10x_hd.o(.text)
    CAN1_RX1_IRQHandler                      0x0800015f   Thumb Code     0  startup_stm32f10x_hd.o(.text)
    CAN1_SCE_IRQHandler                      0x0800015f   Thumb Code     0  startup_stm32f10x_hd.o(.text)
    DMA1_Channel1_IRQHandler                 0x0800015f   Thumb Code     0  startup_stm32f10x_hd.o(.text)
    DMA1_Channel2_IRQHandler                 0x0800015f   Thumb Code     0  startup_stm32f10x_hd.o(.text)
    DMA1_Channel3_IRQHandler                 0x0800015f   Thumb Code     0  startup_stm32f10x_hd.o(.text)
    DMA1_Channel4_IRQHandler                 0x0800015f   Thumb Code     0  startup_stm32f10x_hd.o(.text)
    DMA1_Channel5_IRQHandler                 0x0800015f   Thumb Code     0  startup_stm32f10x_hd.o(.text)
    DMA1_Channel6_IRQHandler                 0x0800015f   Thumb Code     0  startup_stm32f10x_hd.o(.text)
    DMA1_Channel7_IRQHandler                 0x0800015f   Thumb Code     0  startup_stm32f10x_hd.o(.text)
    DMA2_Channel1_IRQHandler                 0x0800015f   Thumb Code     0  startup_stm32f10x_hd.o(.text)
    DMA2_Channel2_IRQHandler                 0x0800015f   Thumb Code     0  startup_stm32f10x_hd.o(.text)
    DMA2_Channel3_IRQHandler                 0x0800015f   Thumb Code     0  startup_stm32f10x_hd.o(.text)
    DMA2_Channel4_5_IRQHandler               0x0800015f   Thumb Code     0  startup_stm32f10x_hd.o(.text)
    EXTI0_IRQHandler                         0x0800015f   Thumb Code     0  startup_stm32f10x_hd.o(.text)
    EXTI15_10_IRQHandler                     0x0800015f   Thumb Code     0  startup_stm32f10x_hd.o(.text)
    EXTI1_IRQHandler                         0x0800015f   Thumb Code     0  startup_stm32f10x_hd.o(.text)
    EXTI2_IRQHandler                         0x0800015f   Thumb Code     0  startup_stm32f10x_hd.o(.text)
    EXTI4_IRQHandler                         0x0800015f   Thumb Code     0  startup_stm32f10x_hd.o(.text)
    EXTI9_5_IRQHandler                       0x0800015f   Thumb Code     0  startup_stm32f10x_hd.o(.text)
    FLASH_IRQHandler                         0x0800015f   Thumb Code     0  startup_stm32f10x_hd.o(.text)
    FSMC_IRQHandler                          0x0800015f   Thumb Code     0  startup_stm32f10x_hd.o(.text)
    I2C1_ER_IRQHandler                       0x0800015f   Thumb Code     0  startup_stm32f10x_hd.o(.text)
    I2C1_EV_IRQHandler                       0x0800015f   Thumb Code     0  startup_stm32f10x_hd.o(.text)
    I2C2_ER_IRQHandler                       0x0800015f   Thumb Code     0  startup_stm32f10x_hd.o(.text)
    I2C2_EV_IRQHandler                       0x0800015f   Thumb Code     0  startup_stm32f10x_hd.o(.text)
    PVD_IRQHandler                           0x0800015f   Thumb Code     0  startup_stm32f10x_hd.o(.text)
    RCC_IRQHandler                           0x0800015f   Thumb Code     0  startup_stm32f10x_hd.o(.text)
    RTCAlarm_IRQHandler                      0x0800015f   Thumb Code     0  startup_stm32f10x_hd.o(.text)
    RTC_IRQHandler                           0x0800015f   Thumb Code     0  startup_stm32f10x_hd.o(.text)
    SPI1_IRQHandler                          0x0800015f   Thumb Code     0  startup_stm32f10x_hd.o(.text)
    SPI2_IRQHandler                          0x0800015f   Thumb Code     0  startup_stm32f10x_hd.o(.text)
    SPI3_IRQHandler                          0x0800015f   Thumb Code     0  startup_stm32f10x_hd.o(.text)
    TAMPER_IRQHandler                        0x0800015f   Thumb Code     0  startup_stm32f10x_hd.o(.text)
    TIM1_BRK_IRQHandler                      0x0800015f   Thumb Code     0  startup_stm32f10x_hd.o(.text)
    TIM1_CC_IRQHandler                       0x0800015f   Thumb Code     0  startup_stm32f10x_hd.o(.text)
    TIM1_TRG_COM_IRQHandler                  0x0800015f   Thumb Code     0  startup_stm32f10x_hd.o(.text)
    TIM1_UP_IRQHandler                       0x0800015f   Thumb Code     0  startup_stm32f10x_hd.o(.text)
    TIM2_IRQHandler                          0x0800015f   Thumb Code     0  startup_stm32f10x_hd.o(.text)
    TIM3_IRQHandler                          0x0800015f   Thumb Code     0  startup_stm32f10x_hd.o(.text)
    TIM4_IRQHandler                          0x0800015f   Thumb Code     0  startup_stm32f10x_hd.o(.text)
    TIM5_IRQHandler                          0x0800015f   Thumb Code     0  startup_stm32f10x_hd.o(.text)
    TIM6_IRQHandler                          0x0800015f   Thumb Code     0  startup_stm32f10x_hd.o(.text)
    TIM7_IRQHandler                          0x0800015f   Thumb Code     0  startup_stm32f10x_hd.o(.text)
    TIM8_BRK_IRQHandler                      0x0800015f   Thumb Code     0  startup_stm32f10x_hd.o(.text)
    TIM8_CC_IRQHandler                       0x0800015f   Thumb Code     0  startup_stm32f10x_hd.o(.text)
    TIM8_TRG_COM_IRQHandler                  0x0800015f   Thumb Code     0  startup_stm32f10x_hd.o(.text)
    TIM8_UP_IRQHandler                       0x0800015f   Thumb Code     0  startup_stm32f10x_hd.o(.text)
    UART4_IRQHandler                         0x0800015f   Thumb Code     0  startup_stm32f10x_hd.o(.text)
    UART5_IRQHandler                         0x0800015f   Thumb Code     0  startup_stm32f10x_hd.o(.text)
    USART2_IRQHandler                        0x0800015f   Thumb Code     0  startup_stm32f10x_hd.o(.text)
    USBWakeUp_IRQHandler                     0x0800015f   Thumb Code     0  startup_stm32f10x_hd.o(.text)
    USB_HP_CAN1_TX_IRQHandler                0x0800015f   Thumb Code     0  startup_stm32f10x_hd.o(.text)
    USB_LP_CAN1_RX0_IRQHandler               0x0800015f   Thumb Code     0  startup_stm32f10x_hd.o(.text)
    WWDG_IRQHandler                          0x0800015f   Thumb Code     0  startup_stm32f10x_hd.o(.text)
    rand                                     0x08000169   Thumb Code    20  rand.o(.text)
    srand                                    0x0800017d   Thumb Code     6  rand.o(.text)
    __aeabi_memcpy                           0x0800018d   Thumb Code    36  memcpya.o(.text)
    __aeabi_memcpy4                          0x0800018d   Thumb Code     0  memcpya.o(.text)
    __aeabi_memcpy8                          0x0800018d   Thumb Code     0  memcpya.o(.text)
    __aeabi_memset                           0x080001b1   Thumb Code    14  memseta.o(.text)
    __aeabi_memset4                          0x080001b1   Thumb Code     0  memseta.o(.text)
    __aeabi_memset8                          0x080001b1   Thumb Code     0  memseta.o(.text)
    __aeabi_memclr                           0x080001bf   Thumb Code     4  memseta.o(.text)
    __aeabi_memclr4                          0x080001bf   Thumb Code     0  memseta.o(.text)
    __aeabi_memclr8                          0x080001bf   Thumb Code     0  memseta.o(.text)
    _memset$wrapper                          0x080001c3   Thumb Code    18  memseta.o(.text)
    strstr                                   0x080001d5   Thumb Code    36  strstr.o(.text)
    strchr                                   0x080001f9   Thumb Code    20  strchr.o(.text)
    strlen                                   0x0800020d   Thumb Code    14  strlen.o(.text)
    strcmp                                   0x0800021b   Thumb Code    28  strcmp.o(.text)
    strncmp                                  0x08000237   Thumb Code    30  strncmp.o(.text)
    __aeabi_uldivmod                         0x08000255   Thumb Code    98  uldiv.o(.text)
    __scatterload                            0x080002b9   Thumb Code    28  init.o(.text)
    __scatterload_rt2                        0x080002b9   Thumb Code     0  init.o(.text)
    __aeabi_llsl                             0x080002dd   Thumb Code    30  llshl.o(.text)
    _ll_shift_l                              0x080002dd   Thumb Code     0  llshl.o(.text)
    __aeabi_llsr                             0x080002fb   Thumb Code    32  llushr.o(.text)
    _ll_ushift_r                             0x080002fb   Thumb Code     0  llushr.o(.text)
    __decompress                             0x0800031b   Thumb Code     0  __dczerorl2.o(.text)
    __decompress1                            0x0800031b   Thumb Code    86  __dczerorl2.o(.text)
    ADC_Cmd                                  0x08000371   Thumb Code    22  stm32f10x_adc.o(i.ADC_Cmd)
    ADC_GetCalibrationStatus                 0x08000387   Thumb Code    20  stm32f10x_adc.o(i.ADC_GetCalibrationStatus)
    ADC_GetConversionValue                   0x0800039b   Thumb Code     8  stm32f10x_adc.o(i.ADC_GetConversionValue)
    ADC_GetResetCalibrationStatus            0x080003a3   Thumb Code    20  stm32f10x_adc.o(i.ADC_GetResetCalibrationStatus)
    ADC_INIT                                 0x080003b9   Thumb Code   106  phores.o(i.ADC_INIT)
    ADC_Init                                 0x0800042d   Thumb Code    70  stm32f10x_adc.o(i.ADC_Init)
    ADC_RegularChannelConfig                 0x0800047d   Thumb Code   184  stm32f10x_adc.o(i.ADC_RegularChannelConfig)
    ADC_ResetCalibration                     0x08000535   Thumb Code    10  stm32f10x_adc.o(i.ADC_ResetCalibration)
    ADC_SoftwareStartConvCmd                 0x0800053f   Thumb Code    22  stm32f10x_adc.o(i.ADC_SoftwareStartConvCmd)
    ADC_StartCalibration                     0x08000555   Thumb Code    10  stm32f10x_adc.o(i.ADC_StartCalibration)
    BLT_USART_Config                         0x08000561   Thumb Code   144  bsp_usart_blt.o(i.BLT_USART_Config)
    BusFault_Handler                         0x080005f9   Thumb Code     4  stm32f10x_it.o(i.BusFault_Handler)
    DMA_ClearFlag                            0x080007bd   Thumb Code    18  stm32f10x_dma.o(i.DMA_ClearFlag)
    DMA_Cmd                                  0x080007d9   Thumb Code    24  stm32f10x_dma.o(i.DMA_Cmd)
    DMA_GetFlagStatus                        0x080007f1   Thumb Code    36  stm32f10x_dma.o(i.DMA_GetFlagStatus)
    DMA_Init                                 0x0800081d   Thumb Code    60  stm32f10x_dma.o(i.DMA_Init)
    DebugMon_Handler                         0x08000859   Thumb Code     2  stm32f10x_it.o(i.DebugMon_Handler)
    Delay                                    0x0800085b   Thumb Code    18  lcd.o(i.Delay)
    Delayus                                  0x0800086d   Thumb Code    28  utility.o(i.Delayus)
    ESP8266_AT_Test                          0x08000889   Thumb Code    58  bsp_esp8266.o(i.ESP8266_AT_Test)
    ESP8266_BuildAP                          0x080008d1   Thumb Code    42  bsp_esp8266.o(i.ESP8266_BuildAP)
    ESP8266_CIPAP                            0x08000919   Thumb Code    42  bsp_esp8266.o(i.ESP8266_CIPAP)
    ESP8266_Cmd                              0x08000959   Thumb Code   156  bsp_esp8266.o(i.ESP8266_Cmd)
    ESP8266_Enable_MultipleId                0x08000a05   Thumb Code    42  bsp_esp8266.o(i.ESP8266_Enable_MultipleId)
    ESP8266_Init                             0x08000a89   Thumb Code   152  bsp_esp8266.o(i.ESP8266_Init)
    ESP8266_Inquire_ApIp                     0x08000b5d   Thumb Code    78  bsp_esp8266.o(i.ESP8266_Inquire_ApIp)
    ESP8266_Net_Mode_Choose                  0x08000bc9   Thumb Code    68  bsp_esp8266.o(i.ESP8266_Net_Mode_Choose)
    ESP8266_Rst                              0x08000c41   Thumb Code    32  bsp_esp8266.o(i.ESP8266_Rst)
    ESP8266_StartOrShutServer                0x08000c65   Thumb Code   104  bsp_esp8266.o(i.ESP8266_StartOrShutServer)
    EXTI3_IRQHandler                         0x08000db9   Thumb Code    78  stm32f10x_it.o(i.EXTI3_IRQHandler)
    EXTI_ClearITPendingBit                   0x08000e15   Thumb Code     6  stm32f10x_exti.o(i.EXTI_ClearITPendingBit)
    EXTI_GenerateSWInterrupt                 0x08000e21   Thumb Code    12  stm32f10x_exti.o(i.EXTI_GenerateSWInterrupt)
    EXTI_GetITStatus                         0x08000e31   Thumb Code    34  stm32f10x_exti.o(i.EXTI_GetITStatus)
    EXTI_Init                                0x08000e59   Thumb Code   142  stm32f10x_exti.o(i.EXTI_Init)
    FSMC_NORSRAMCmd                          0x08000f85   Thumb Code    46  stm32f10x_fsmc.o(i.FSMC_NORSRAMCmd)
    FSMC_NORSRAMInit                         0x08000fb9   Thumb Code   230  stm32f10x_fsmc.o(i.FSMC_NORSRAMInit)
    GPIO_EXTILineConfig                      0x0800128d   Thumb Code    60  stm32f10x_gpio.o(i.GPIO_EXTILineConfig)
    GPIO_Init                                0x080012cd   Thumb Code   278  stm32f10x_gpio.o(i.GPIO_Init)
    GPIO_ReadInputDataBit                    0x080013e3   Thumb Code    18  stm32f10x_gpio.o(i.GPIO_ReadInputDataBit)
    GPIO_ResetBits                           0x080013f5   Thumb Code     4  stm32f10x_gpio.o(i.GPIO_ResetBits)
    GPIO_SetBits                             0x080013f9   Thumb Code     4  stm32f10x_gpio.o(i.GPIO_SetBits)
    HC05_Init                                0x08001445   Thumb Code    82  bsp_hc05.o(i.HC05_Init)
    HC05_Send_CMD                            0x080014a9   Thumb Code   152  bsp_hc05.o(i.HC05_Send_CMD)
    HardFault_Handler                        0x0800154d   Thumb Code     4  stm32f10x_it.o(i.HardFault_Handler)
    ImagDisp                                 0x08001551   Thumb Code   216  bsp_ov7725.o(i.ImagDisp)
    LCD_BackLed_Control                      0x08001631   Thumb Code    30  lcd.o(i.LCD_BackLed_Control)
    LCD_Clear                                0x08001655   Thumb Code    64  lcd.o(i.LCD_Clear)
    LCD_DrawChar                             0x08001695   Thumb Code    96  lcd.o(i.LCD_DrawChar)
    LCD_DrawString                           0x080016f9   Thumb Code    66  lcd.o(i.LCD_DrawString)
    LCD_GetPointPixel                        0x08001885   Thumb Code    28  lcd.o(i.LCD_GetPointPixel)
    LCD_GramScan                             0x080018a1   Thumb Code   328  lcd.o(i.LCD_GramScan)
    LCD_INIT                                 0x080019e9   Thumb Code    46  lcd.o(i.LCD_INIT)
    LCD_OpenWindow                           0x08001a17   Thumb Code    88  lcd.o(i.LCD_OpenWindow)
    LCD_Read_Data                            0x08001ca1   Thumb Code     6  lcd.o(i.LCD_Read_Data)
    LCD_Rst                                  0x08001ce5   Thumb Code    32  lcd.o(i.LCD_Rst)
    LCD_Write_Cmd                            0x08001d0d   Thumb Code     8  lcd.o(i.LCD_Write_Cmd)
    LCD_Write_Data                           0x08001d15   Thumb Code     6  lcd.o(i.LCD_Write_Data)
    LED_GPIO_Config                          0x08001d21   Thumb Code    90  bsp_led.o(i.LED_GPIO_Config)
    MCO_INIT                                 0x08001d81   Thumb Code   244  pwm.o(i.MCO_INIT)
    MemManage_Handler                        0x08001e89   Thumb Code     4  stm32f10x_it.o(i.MemManage_Handler)
    NMI_Handler                              0x08001e8d   Thumb Code     2  stm32f10x_it.o(i.NMI_Handler)
    NVIC_Init                                0x08001edd   Thumb Code   100  misc.o(i.NVIC_Init)
    NVIC_PriorityGroupConfig                 0x08001f4d   Thumb Code    10  misc.o(i.NVIC_PriorityGroupConfig)
    OV7725_DEINIT                            0x08001f61   Thumb Code    32  bsp_ov7725.o(i.OV7725_DEINIT)
    OV7725_GPIO_Config                       0x08001f85   Thumb Code    16  bsp_ov7725.o(i.OV7725_GPIO_Config)
    OV7725_Window_Set                        0x08001f95   Thumb Code   232  bsp_ov7725.o(i.OV7725_Window_Set)
    PendSV_Handler                           0x0800207d   Thumb Code     2  stm32f10x_it.o(i.PendSV_Handler)
    RCC_ADCCLKConfig                         0x08002081   Thumb Code    18  stm32f10x_rcc.o(i.RCC_ADCCLKConfig)
    RCC_AHBPeriphClockCmd                    0x08002099   Thumb Code    26  stm32f10x_rcc.o(i.RCC_AHBPeriphClockCmd)
    RCC_APB1PeriphClockCmd                   0x080020b9   Thumb Code    26  stm32f10x_rcc.o(i.RCC_APB1PeriphClockCmd)
    RCC_APB2PeriphClockCmd                   0x080020d9   Thumb Code    26  stm32f10x_rcc.o(i.RCC_APB2PeriphClockCmd)
    RCC_GetClocksFreq                        0x080020f9   Thumb Code   192  stm32f10x_rcc.o(i.RCC_GetClocksFreq)
    SCCB_GPIO_Config                         0x08002205   Thumb Code    38  bsp_sccb.o(i.SCCB_GPIO_Config)
    SCCB_ReadByte                            0x08002269   Thumb Code   122  bsp_sccb.o(i.SCCB_ReadByte)
    SCCB_WriteByte                           0x08002469   Thumb Code    64  bsp_sccb.o(i.SCCB_WriteByte)
    SDIO_ClearFlag                           0x080025d5   Thumb Code     6  stm32f10x_sdio.o(i.SDIO_ClearFlag)
    SDIO_ClearITPendingBit                   0x080025e1   Thumb Code     6  stm32f10x_sdio.o(i.SDIO_ClearITPendingBit)
    SDIO_ClockCmd                            0x080025ed   Thumb Code     6  stm32f10x_sdio.o(i.SDIO_ClockCmd)
    SDIO_DMACmd                              0x080025f9   Thumb Code     6  stm32f10x_sdio.o(i.SDIO_DMACmd)
    SDIO_DataConfig                          0x08002605   Thumb Code    42  stm32f10x_sdio.o(i.SDIO_DataConfig)
    SDIO_DeInit                              0x08002635   Thumb Code    28  stm32f10x_sdio.o(i.SDIO_DeInit)
    SDIO_GetCommandResponse                  0x08002659   Thumb Code     8  stm32f10x_sdio.o(i.SDIO_GetCommandResponse)
    SDIO_GetFlagStatus                       0x08002665   Thumb Code    20  stm32f10x_sdio.o(i.SDIO_GetFlagStatus)
    SDIO_GetPowerState                       0x0800267d   Thumb Code    10  stm32f10x_sdio.o(i.SDIO_GetPowerState)
    SDIO_GetResponse                         0x0800268d   Thumb Code    20  stm32f10x_sdio.o(i.SDIO_GetResponse)
    SDIO_IRQHandler                          0x080026a5   Thumb Code     8  stm32f10x_it.o(i.SDIO_IRQHandler)
    SDIO_ITConfig                            0x080026ad   Thumb Code    26  stm32f10x_sdio.o(i.SDIO_ITConfig)
    SDIO_Init                                0x080026cd   Thumb Code    42  stm32f10x_sdio.o(i.SDIO_Init)
    SDIO_ReadData                            0x080026fd   Thumb Code     6  stm32f10x_sdio.o(i.SDIO_ReadData)
    SDIO_SendCommand                         0x08002709   Thumb Code    38  stm32f10x_sdio.o(i.SDIO_SendCommand)
    SDIO_SetPowerState                       0x08002735   Thumb Code    22  stm32f10x_sdio.o(i.SDIO_SetPowerState)
    SD_EnableWideBusOperation                0x08002829   Thumb Code   140  bsp_sdio_sdcard.o(i.SD_EnableWideBusOperation)
    SD_GetCardInfo                           0x080028bd   Thumb Code   700  bsp_sdio_sdcard.o(i.SD_GetCardInfo)
    SD_GetState                              0x08002b89   Thumb Code    26  bsp_sdio_sdcard.o(i.SD_GetState)
    SD_GetStatus                             0x08002ba3   Thumb Code    30  bsp_sdio_sdcard.o(i.SD_GetStatus)
    SD_Init                                  0x08002bc1   Thumb Code   106  bsp_sdio_sdcard.o(i.SD_Init)
    SD_InitializeCards                       0x08002c35   Thumb Code   294  bsp_sdio_sdcard.o(i.SD_InitializeCards)
    SD_PowerON                               0x08002d71   Thumb Code   374  bsp_sdio_sdcard.o(i.SD_PowerON)
    SD_ProcessIRQSrc                         0x08002ef9   Thumb Code    70  bsp_sdio_sdcard.o(i.SD_ProcessIRQSrc)
    SD_ReadMultiBlocks                       0x08002f51   Thumb Code   202  bsp_sdio_sdcard.o(i.SD_ReadMultiBlocks)
    SD_SelectDeselect                        0x08003039   Thumb Code    48  bsp_sdio_sdcard.o(i.SD_SelectDeselect)
    SD_SendStatus                            0x0800306d   Thumb Code    46  bsp_sdio_sdcard.o(i.SD_SendStatus)
    SD_WaitReadOperation                     0x080030a5   Thumb Code    42  bsp_sdio_sdcard.o(i.SD_WaitReadOperation)
    SD_WaitWriteOperation                    0x080030d9   Thumb Code    50  bsp_sdio_sdcard.o(i.SD_WaitWriteOperation)
    SD_WriteMultiBlocks                      0x08003115   Thumb Code   294  bsp_sdio_sdcard.o(i.SD_WriteMultiBlocks)
    SVC_Handler                              0x0800325d   Thumb Code     2  stm32f10x_it.o(i.SVC_Handler)
    Screen_Shot                              0x08003261   Thumb Code   388  bsp_bmp.o(i.Screen_Shot)
    SysTick_Handler                          0x0800350d   Thumb Code    46  stm32f10x_it.o(i.SysTick_Handler)
    SysTick_Init                             0x08003541   Thumb Code   108  bsp_systick.o(i.SysTick_Init)
    SystemInit                               0x080035b9   Thumb Code    78  system_stm32f10x.o(i.SystemInit)
    TIM_Cmd                                  0x08003619   Thumb Code    24  stm32f10x_tim.o(i.TIM_Cmd)
    TIM_OC1Init                              0x08003631   Thumb Code   132  stm32f10x_tim.o(i.TIM_OC1Init)
    TIM_SelectInputTrigger                   0x080036c9   Thumb Code    18  stm32f10x_tim.o(i.TIM_SelectInputTrigger)
    TIM_SelectMasterSlaveMode                0x080036db   Thumb Code    18  stm32f10x_tim.o(i.TIM_SelectMasterSlaveMode)
    TIM_SelectOutputTrigger                  0x080036ed   Thumb Code    18  stm32f10x_tim.o(i.TIM_SelectOutputTrigger)
    TIM_SelectSlaveMode                      0x080036ff   Thumb Code    18  stm32f10x_tim.o(i.TIM_SelectSlaveMode)
    TIM_TimeBaseInit                         0x08003711   Thumb Code   122  stm32f10x_tim.o(i.TIM_TimeBaseInit)
    TimeStamp_Increment                      0x080037b5   Thumb Code    12  bsp_systick.o(i.TimeStamp_Increment)
    TimingDelay_Decrement                    0x080037c5   Thumb Code    18  bsp_systick.o(i.TimingDelay_Decrement)
    USART1_IRQHandler                        0x080037dd   Thumb Code     8  stm32f10x_it.o(i.USART1_IRQHandler)
    USART3_IRQHandler                        0x080037e5   Thumb Code   114  stm32f10x_it.o(i.USART3_IRQHandler)
    USART_ClearFlag                          0x08003861   Thumb Code    18  stm32f10x_usart.o(i.USART_ClearFlag)
    USART_ClearITPendingBit                  0x08003873   Thumb Code    30  stm32f10x_usart.o(i.USART_ClearITPendingBit)
    USART_Cmd                                0x08003891   Thumb Code    24  stm32f10x_usart.o(i.USART_Cmd)
    USART_GetFlagStatus                      0x080038a9   Thumb Code    26  stm32f10x_usart.o(i.USART_GetFlagStatus)
    USART_GetITStatus                        0x080038c3   Thumb Code    84  stm32f10x_usart.o(i.USART_GetITStatus)
    USART_ITConfig                           0x08003917   Thumb Code    74  stm32f10x_usart.o(i.USART_ITConfig)
    USART_Init                               0x08003961   Thumb Code   210  stm32f10x_usart.o(i.USART_Init)
    USART_ReceiveData                        0x08003a39   Thumb Code    10  stm32f10x_usart.o(i.USART_ReceiveData)
    USART_SendData                           0x08003a43   Thumb Code     8  stm32f10x_usart.o(i.USART_SendData)
    USART_printf                             0x08003a4b   Thumb Code   262  common.o(i.USART_printf)
    UsageFault_Handler                       0x08003b51   Thumb Code     4  stm32f10x_it.o(i.UsageFault_Handler)
    Usart_SendString                         0x08003b73   Thumb Code    28  bsp_usart_blt.o(i.Usart_SendString)
    __0printf$5                              0x08003c0d   Thumb Code    22  printf5.o(i.__0printf$5)
    __1printf$5                              0x08003c0d   Thumb Code     0  printf5.o(i.__0printf$5)
    __2printf                                0x08003c0d   Thumb Code     0  printf5.o(i.__0printf$5)
    __0sprintf$5                             0x08003c2d   Thumb Code    34  printf5.o(i.__0sprintf$5)
    __1sprintf$5                             0x08003c2d   Thumb Code     0  printf5.o(i.__0sprintf$5)
    __2sprintf                               0x08003c2d   Thumb Code     0  printf5.o(i.__0sprintf$5)
    __scatterload_copy                       0x08003c55   Thumb Code    14  handlers.o(i.__scatterload_copy)
    __scatterload_null                       0x08003c63   Thumb Code     2  handlers.o(i.__scatterload_null)
    __scatterload_zeroinit                   0x08003c65   Thumb Code    14  handlers.o(i.__scatterload_zeroinit)
    bleInit                                  0x08003f41   Thumb Code   262  bsp_hc05.o(i.bleInit)
    bsp_USART_Process                        0x08004125   Thumb Code    66  bsp_usart_blt.o(i.bsp_USART_Process)
    check                                    0x08004175   Thumb Code    50  phores.o(i.check)
    clean_rebuff                             0x08004251   Thumb Code    30  bsp_usart_blt.o(i.clean_rebuff)
    clust2sect                               0x08004279   Thumb Code    26  ff.o(i.clust2sect)
    decodeKey                                0x0800463d   Thumb Code   142  keyboard.o(i.decodeKey)
    disk_initialize                          0x08004b5f   Thumb Code    42  diskio.o(i.disk_initialize)
    disk_ioctl                               0x08004b89   Thumb Code    78  diskio.o(i.disk_ioctl)
    disk_read                                0x08004bdd   Thumb Code   174  diskio.o(i.disk_read)
    disk_status                              0x08004c8b   Thumb Code    28  diskio.o(i.disk_status)
    disk_write                               0x08004ca7   Thumb Code   180  diskio.o(i.disk_write)
    f_close                                  0x08004d5b   Thumb Code    32  ff.o(i.f_close)
    f_mount                                  0x08004d7d   Thumb Code    86  ff.o(i.f_mount)
    f_open                                   0x08004dd9   Thumb Code   382  ff.o(i.f_open)
    f_sync                                   0x08004f57   Thumb Code   176  ff.o(i.f_sync)
    f_write                                  0x08005007   Thumb Code   524  ff.o(i.f_write)
    ff_convert                               0x08005215   Thumb Code    70  ccsbcs.o(i.ff_convert)
    ff_wtoupper                              0x08005261   Thumb Code    84  ccsbcs.o(i.ff_wtoupper)
    fputc                                    0x080057a5   Thumb Code    32  bsp_usart.o(i.fputc)
    getKeyboardInput                         0x0800587d   Thumb Code   174  keyboard.o(i.getKeyboardInput)
    get_fat                                  0x08005939   Thumb Code   318  ff.o(i.get_fat)
    get_fattime                              0x08005a79   Thumb Code     4  diskio.o(i.get_fattime)
    get_line                                 0x08005acb   Thumb Code    76  bsp_hc05.o(i.get_line)
    get_rebuff                               0x08005b19   Thumb Code    12  bsp_usart_blt.o(i.get_rebuff)
    htoul                                    0x08005b2d   Thumb Code    94  bsp_hc05.o(i.htoul)
    initAll                                  0x08005b8d   Thumb Code    82  main.o(i.initAll)
    keyboardConfiguration                    0x08005c55   Thumb Code   118  keyboard.o(i.keyboardConfiguration)
    linkHC05                                 0x08005cf9   Thumb Code    12  bsp_hc05.o(i.linkHC05)
    main                                     0x08005d09   Thumb Code   948  main.o(i.main)
    mdelay                                   0x080061d9   Thumb Code    32  bsp_systick.o(i.mdelay)
    openDoor                                 0x08006285   Thumb Code    24  pwm.o(i.openDoor)
    parseBluetoothAddress                    0x080062a9   Thumb Code   544  bsp_hc05.o(i.parseBluetoothAddress)
    put_fat                                  0x080064f5   Thumb Code   392  ff.o(i.put_fat)
    rssiScan                                 0x080066e9   Thumb Code    14  bsp_hc05.o(i.rssiScan)
    skipPrefix                               0x080066fd   Thumb Code    54  bsp_hc05.o(i.skipPrefix)
    strBLTAddr                               0x08006745   Thumb Code    88  bsp_hc05.o(i.strBLTAddr)
    ucAscii_1608                             0x08006914   Data        1520  lcd.o(.constdata)
    Region$$Table$$Base                      0x080078a0   Number         0  anon$$obj.o(Region$$Table)
    Region$$Table$$Limit                     0x080078c0   Number         0  anon$$obj.o(Region$$Table)
    SystemCoreClock                          0x20000000   Data           4  system_stm32f10x.o(.data)
    AHBPrescTable                            0x20000004   Data          16  system_stm32f10x.o(.data)
    LCD_X_LENGTH                             0x20000028   Data           4  main.o(.data)
    LCD_Y_LENGTH                             0x2000002c   Data           4  main.o(.data)
    res_sd                                   0x20000030   Data           1  main.o(.data)
    ucId                                     0x20000031   Data           1  main.o(.data)
    ucLen                                    0x20000032   Data           1  main.o(.data)
    ucLed1Status                             0x20000033   Data           1  main.o(.data)
    ucLed2Status                             0x20000034   Data           1  main.o(.data)
    ucLed3Status                             0x20000035   Data           1  main.o(.data)
    ucBuzzerStatus                           0x20000036   Data           1  main.o(.data)
    cCh                                      0x20000037   Data           1  main.o(.data)
    pCh                                      0x20000038   Data           4  main.o(.data)
    pCh1                                     0x2000003c   Data           4  main.o(.data)
    dhtData                                  0x20000040   Data           4  main.o(.data)
    keys                                     0x20000044   Data           5  main.o(.data)
    it                                       0x2000004c   Data           4  main.o(.data)
    lastKey                                  0x20000050   Data           1  main.o(.data)
    nowKey                                   0x20000051   Data           1  main.o(.data)
    password                                 0x20000052   Data           5  main.o(.data)
    open                                     0x20000058   Data           4  main.o(.data)
    numOfPic                                 0x2000005c   Data           4  main.o(.data)
    name_count                               0x20000060   Data           4  main.o(.data)
    delay                                    0x20000064   Data           4  main.o(.data)
    g_ul_ms_ticks                            0x2000006c   Data           4  bsp_systick.o(.data)
    uart_p                                   0x20000070   Data           2  bsp_usart_blt.o(.data)
    bmpres                                   0x20000072   Data           1  bsp_bmp.o(.data)
    cam_mode                                 0x2000007e   Data          20  bsp_ov7725.o(.data)
    Sensor_Config                            0x20000092   Data         154  bsp_ov7725.o(.data)
    OV7725_REG_NUM                           0x2000012c   Data           1  bsp_ov7725.o(.data)
    Ov7725_vsync                             0x2000012d   Data           1  bsp_ov7725.o(.data)
    StopCondition                            0x20000138   Data           4  bsp_sdio_sdcard.o(.data)
    TransferError                            0x2000013c   Data           1  bsp_sdio_sdcard.o(.data)
    TransferEnd                              0x20000140   Data           4  bsp_sdio_sdcard.o(.data)
    __stdout                                 0x20000148   Data           4  stdout.o(.data)
    Task_Delay                               0x2000014c   Data          12  main.o(.bss)
    bltDevList                               0x20000158   Data         564  main.o(.bss)
    fs                                       0x2000038c   Data        4144  main.o(.bss)
    cStr                                     0x200013bc   Data         100  main.o(.bss)
    dhtTemp                                  0x20001420   Data          50  main.o(.bss)
    dhtHumi                                  0x20001452   Data          50  main.o(.bss)
    name                                     0x20001484   Data          40  main.o(.bss)
    uart_buff                                0x200014ac   Data        1024  bsp_usart_blt.o(.bss)
    TIM_OCInitStructure                      0x200018ac   Data          16  pwm.o(.bss)
    ADC_InitStructure                        0x200018bc   Data          20  phores.o(.bss)
    strEsp8266_Fram_Record                   0x200018d0   Data        1026  bsp_esp8266.o(.bss)
    pColorData                               0x20001cd4   Data         960  bsp_bmp.o(.bss)
    bmpfsrc                                  0x20002094   Data        4132  bsp_bmp.o(.bss)
    bmpfdst                                  0x200030b8   Data        4132  bsp_bmp.o(.bss)
    SDCardInfo                               0x2000410c   Data          80  bsp_sdio_sdcard.o(.bss)
    SDIO_InitStructure                       0x2000415c   Data          24  bsp_sdio_sdcard.o(.bss)
    SDIO_CmdInitStructure                    0x20004174   Data          20  bsp_sdio_sdcard.o(.bss)
    SDIO_DataInitStructure                   0x20004188   Data          24  bsp_sdio_sdcard.o(.bss)
    __initial_sp                             0x200045a0   Data           0  startup_stm32f10x_hd.o(STACK)



==============================================================================

Memory Map of the image

  Image Entry point : 0x08000131

  Load Region LR_IROM1 (Base: 0x08000000, Size: 0x00007a0c, Max: 0x00080000, ABSOLUTE, COMPRESSED[0x00007990])

    Execution Region ER_IROM1 (Base: 0x08000000, Size: 0x000078c0, Max: 0x00080000, ABSOLUTE)

    Base Addr    Size         Type   Attr      Idx    E Section Name        Object

    0x08000000   0x00000130   Data   RO            3    RESET               startup_stm32f10x_hd.o
    0x08000130   0x00000000   Code   RO         4831  * .ARM.Collect$$$$00000000  mc_w.l(entry.o)
    0x08000130   0x00000004   Code   RO         5126    .ARM.Collect$$$$00000001  mc_w.l(entry2.o)
    0x08000134   0x00000004   Code   RO         5129    .ARM.Collect$$$$00000004  mc_w.l(entry5.o)
    0x08000138   0x00000000   Code   RO         5131    .ARM.Collect$$$$00000008  mc_w.l(entry7b.o)
    0x08000138   0x00000000   Code   RO         5133    .ARM.Collect$$$$0000000A  mc_w.l(entry8b.o)
    0x08000138   0x00000008   Code   RO         5134    .ARM.Collect$$$$0000000B  mc_w.l(entry9a.o)
    0x08000140   0x00000000   Code   RO         5136    .ARM.Collect$$$$0000000D  mc_w.l(entry10a.o)
    0x08000140   0x00000000   Code   RO         5138    .ARM.Collect$$$$0000000F  mc_w.l(entry11a.o)
    0x08000140   0x00000004   Code   RO         5127    .ARM.Collect$$$$00002712  mc_w.l(entry2.o)
    0x08000144   0x00000024   Code   RO            4    .text               startup_stm32f10x_hd.o
    0x08000168   0x00000024   Code   RO         4834    .text               mc_w.l(rand.o)
    0x0800018c   0x00000024   Code   RO         4837    .text               mc_w.l(memcpya.o)
    0x080001b0   0x00000024   Code   RO         4839    .text               mc_w.l(memseta.o)
    0x080001d4   0x00000024   Code   RO         4841    .text               mc_w.l(strstr.o)
    0x080001f8   0x00000014   Code   RO         4843    .text               mc_w.l(strchr.o)
    0x0800020c   0x0000000e   Code   RO         4845    .text               mc_w.l(strlen.o)
    0x0800021a   0x0000001c   Code   RO         4847    .text               mc_w.l(strcmp.o)
    0x08000236   0x0000001e   Code   RO         4851    .text               mc_w.l(strncmp.o)
    0x08000254   0x00000062   Code   RO         5143    .text               mc_w.l(uldiv.o)
    0x080002b6   0x00000002   PAD
    0x080002b8   0x00000024   Code   RO         5158    .text               mc_w.l(init.o)
    0x080002dc   0x0000001e   Code   RO         5160    .text               mc_w.l(llshl.o)
    0x080002fa   0x00000020   Code   RO         5162    .text               mc_w.l(llushr.o)
    0x0800031a   0x00000056   Code   RO         5176    .text               mc_w.l(__dczerorl2.o)
    0x08000370   0x00000016   Code   RO          183    i.ADC_Cmd           stm32f10x_adc.o
    0x08000386   0x00000014   Code   RO          191    i.ADC_GetCalibrationStatus  stm32f10x_adc.o
    0x0800039a   0x00000008   Code   RO          192    i.ADC_GetConversionValue  stm32f10x_adc.o
    0x080003a2   0x00000014   Code   RO          197    i.ADC_GetResetCalibrationStatus  stm32f10x_adc.o
    0x080003b6   0x00000002   PAD
    0x080003b8   0x00000074   Code   RO         3778    i.ADC_INIT          phores.o
    0x0800042c   0x00000050   Code   RO          201    i.ADC_Init          stm32f10x_adc.o
    0x0800047c   0x000000b8   Code   RO          205    i.ADC_RegularChannelConfig  stm32f10x_adc.o
    0x08000534   0x0000000a   Code   RO          206    i.ADC_ResetCalibration  stm32f10x_adc.o
    0x0800053e   0x00000016   Code   RO          208    i.ADC_SoftwareStartConvCmd  stm32f10x_adc.o
    0x08000554   0x0000000a   Code   RO          210    i.ADC_StartCalibration  stm32f10x_adc.o
    0x0800055e   0x00000002   PAD
    0x08000560   0x00000098   Code   RO         3688    i.BLT_USART_Config  bsp_usart_blt.o
    0x080005f8   0x00000004   Code   RO         3108    i.BusFault_Handler  stm32f10x_it.o
    0x080005fc   0x0000002c   Code   RO         4595    i.CmdError          bsp_sdio_sdcard.o
    0x08000628   0x00000028   Code   RO         4596    i.CmdResp1Error     bsp_sdio_sdcard.o
    0x08000650   0x0000004c   Code   RO         4597    i.CmdResp2Error     bsp_sdio_sdcard.o
    0x0800069c   0x00000038   Code   RO         4598    i.CmdResp3Error     bsp_sdio_sdcard.o
    0x080006d4   0x0000009c   Code   RO         4599    i.CmdResp6Error     bsp_sdio_sdcard.o
    0x08000770   0x0000004c   Code   RO         4600    i.CmdResp7Error     bsp_sdio_sdcard.o
    0x080007bc   0x0000001c   Code   RO          866    i.DMA_ClearFlag     stm32f10x_dma.o
    0x080007d8   0x00000018   Code   RO          868    i.DMA_Cmd           stm32f10x_dma.o
    0x080007f0   0x0000002c   Code   RO          871    i.DMA_GetFlagStatus  stm32f10x_dma.o
    0x0800081c   0x0000003c   Code   RO          874    i.DMA_Init          stm32f10x_dma.o
    0x08000858   0x00000002   Code   RO         3109    i.DebugMon_Handler  stm32f10x_it.o
    0x0800085a   0x00000012   Code   RO         3304    i.Delay             lcd.o
    0x0800086c   0x0000001c   Code   RO         3456    i.Delayus           utility.o
    0x08000888   0x00000048   Code   RO         3812    i.ESP8266_AT_Test   bsp_esp8266.o
    0x080008d0   0x00000048   Code   RO         3813    i.ESP8266_BuildAP   bsp_esp8266.o
    0x08000918   0x00000040   Code   RO         3814    i.ESP8266_CIPAP     bsp_esp8266.o
    0x08000958   0x000000ac   Code   RO         3816    i.ESP8266_Cmd       bsp_esp8266.o
    0x08000a04   0x00000040   Code   RO         3817    i.ESP8266_Enable_MultipleId  bsp_esp8266.o
    0x08000a44   0x00000044   Code   RO         3819    i.ESP8266_GPIO_Config  bsp_esp8266.o
    0x08000a88   0x000000d4   Code   RO         3822    i.ESP8266_Init      bsp_esp8266.o
    0x08000b5c   0x0000006c   Code   RO         3823    i.ESP8266_Inquire_ApIp  bsp_esp8266.o
    0x08000bc8   0x00000078   Code   RO         3826    i.ESP8266_Net_Mode_Choose  bsp_esp8266.o
    0x08000c40   0x00000024   Code   RO         3828    i.ESP8266_Rst       bsp_esp8266.o
    0x08000c64   0x00000090   Code   RO         3830    i.ESP8266_StartOrShutServer  bsp_esp8266.o
    0x08000cf4   0x0000009c   Code   RO         3831    i.ESP8266_USART_Config  bsp_esp8266.o
    0x08000d90   0x00000028   Code   RO         3832    i.ESP8266_USART_NVIC_Configuration  bsp_esp8266.o
    0x08000db8   0x0000005c   Code   RO         3110    i.EXTI3_IRQHandler  stm32f10x_it.o
    0x08000e14   0x0000000c   Code   RO          939    i.EXTI_ClearITPendingBit  stm32f10x_exti.o
    0x08000e20   0x00000010   Code   RO          941    i.EXTI_GenerateSWInterrupt  stm32f10x_exti.o
    0x08000e30   0x00000028   Code   RO          943    i.EXTI_GetITStatus  stm32f10x_exti.o
    0x08000e58   0x00000094   Code   RO          944    i.EXTI_Init         stm32f10x_exti.o
    0x08000eec   0x00000098   Code   RO         4419    i.FIFO_GPIO_Config  bsp_ov7725.o
    0x08000f84   0x00000034   Code   RO         1177    i.FSMC_NORSRAMCmd   stm32f10x_fsmc.o
    0x08000fb8   0x000000e6   Code   RO         1179    i.FSMC_NORSRAMInit  stm32f10x_fsmc.o
    0x0800109e   0x00000002   PAD
    0x080010a0   0x0000019c   Code   RO         4601    i.FindSCR           bsp_sdio_sdcard.o
    0x0800123c   0x00000050   Code   RO         4602    i.GPIO_Configuration  bsp_sdio_sdcard.o
    0x0800128c   0x00000040   Code   RO         1289    i.GPIO_EXTILineConfig  stm32f10x_gpio.o
    0x080012cc   0x00000116   Code   RO         1292    i.GPIO_Init         stm32f10x_gpio.o
    0x080013e2   0x00000012   Code   RO         1296    i.GPIO_ReadInputDataBit  stm32f10x_gpio.o
    0x080013f4   0x00000004   Code   RO         1299    i.GPIO_ResetBits    stm32f10x_gpio.o
    0x080013f8   0x00000004   Code   RO         1300    i.GPIO_SetBits      stm32f10x_gpio.o
    0x080013fc   0x00000048   Code   RO         3555    i.HC05_GPIO_Config  bsp_hc05.o
    0x08001444   0x00000064   Code   RO         3556    i.HC05_Init         bsp_hc05.o
    0x080014a8   0x000000a4   Code   RO         3558    i.HC05_Send_CMD     bsp_hc05.o
    0x0800154c   0x00000004   Code   RO         3111    i.HardFault_Handler  stm32f10x_it.o
    0x08001550   0x000000e0   Code   RO         4420    i.ImagDisp          bsp_ov7725.o
    0x08001630   0x00000024   Code   RO         3305    i.LCD_BackLed_Control  lcd.o
    0x08001654   0x00000040   Code   RO         3306    i.LCD_Clear         lcd.o
    0x08001694   0x00000064   Code   RO         3307    i.LCD_DrawChar      lcd.o
    0x080016f8   0x00000042   Code   RO         3311    i.LCD_DrawString    lcd.o
    0x0800173a   0x00000064   Code   RO         3312    i.LCD_FSMC_Config   lcd.o
    0x0800179e   0x00000002   PAD
    0x080017a0   0x000000e4   Code   RO         3313    i.LCD_GPIO_Config   lcd.o
    0x08001884   0x0000001c   Code   RO         3314    i.LCD_GetPointPixel  lcd.o
    0x080018a0   0x00000148   Code   RO         3315    i.LCD_GramScan      lcd.o
    0x080019e8   0x0000002e   Code   RO         3316    i.LCD_INIT          lcd.o
    0x08001a16   0x00000058   Code   RO         3317    i.LCD_OpenWindow    lcd.o
    0x08001a6e   0x00000002   PAD
    0x08001a70   0x00000230   Code   RO         3318    i.LCD_REG_Config    lcd.o
    0x08001ca0   0x0000000c   Code   RO         3319    i.LCD_Read_Data     lcd.o
    0x08001cac   0x00000036   Code   RO         3320    i.LCD_Read_PixelData  lcd.o
    0x08001ce2   0x00000002   PAD
    0x08001ce4   0x00000028   Code   RO         3321    i.LCD_Rst           lcd.o
    0x08001d0c   0x00000008   Code   RO         3322    i.LCD_Write_Cmd     lcd.o
    0x08001d14   0x0000000c   Code   RO         3323    i.LCD_Write_Data    lcd.o
    0x08001d20   0x00000060   Code   RO         4819    i.LED_GPIO_Config   bsp_led.o
    0x08001d80   0x00000108   Code   RO         3751    i.MCO_INIT          pwm.o
    0x08001e88   0x00000004   Code   RO         3112    i.MemManage_Handler  stm32f10x_it.o
    0x08001e8c   0x00000002   Code   RO         3113    i.NMI_Handler       stm32f10x_it.o
    0x08001e8e   0x00000026   Code   RO         3689    i.NVIC_Configuration  bsp_usart_blt.o
    0x08001eb4   0x00000028   Code   RO         4604    i.NVIC_Configuration  bsp_sdio_sdcard.o
    0x08001edc   0x00000070   Code   RO          137    i.NVIC_Init         misc.o
    0x08001f4c   0x00000014   Code   RO          138    i.NVIC_PriorityGroupConfig  misc.o
    0x08001f60   0x00000024   Code   RO         4421    i.OV7725_DEINIT     bsp_ov7725.o
    0x08001f84   0x00000010   Code   RO         4422    i.OV7725_GPIO_Config  bsp_ov7725.o
    0x08001f94   0x000000e8   Code   RO         4424    i.OV7725_Window_Set  bsp_ov7725.o
    0x0800207c   0x00000002   Code   RO         3114    i.PendSV_Handler    stm32f10x_it.o
    0x0800207e   0x00000002   PAD
    0x08002080   0x00000018   Code   RO         1706    i.RCC_ADCCLKConfig  stm32f10x_rcc.o
    0x08002098   0x00000020   Code   RO         1707    i.RCC_AHBPeriphClockCmd  stm32f10x_rcc.o
    0x080020b8   0x00000020   Code   RO         1708    i.RCC_APB1PeriphClockCmd  stm32f10x_rcc.o
    0x080020d8   0x00000020   Code   RO         1710    i.RCC_APB2PeriphClockCmd  stm32f10x_rcc.o
    0x080020f8   0x000000d4   Code   RO         1718    i.RCC_GetClocksFreq  stm32f10x_rcc.o
    0x080021cc   0x00000038   Code   RO         4477    i.SCCB_Ack          bsp_sccb.o
    0x08002204   0x0000002c   Code   RO         4478    i.SCCB_GPIO_Config  bsp_sccb.o
    0x08002230   0x00000038   Code   RO         4479    i.SCCB_NoAck        bsp_sccb.o
    0x08002268   0x0000007a   Code   RO         4480    i.SCCB_ReadByte     bsp_sccb.o
    0x080022e2   0x00000002   PAD
    0x080022e4   0x00000054   Code   RO         4481    i.SCCB_ReceiveByte  bsp_sccb.o
    0x08002338   0x00000058   Code   RO         4482    i.SCCB_SendByte     bsp_sccb.o
    0x08002390   0x00000054   Code   RO         4483    i.SCCB_Start        bsp_sccb.o
    0x080023e4   0x00000038   Code   RO         4484    i.SCCB_Stop         bsp_sccb.o
    0x0800241c   0x0000004c   Code   RO         4485    i.SCCB_WaitAck      bsp_sccb.o
    0x08002468   0x00000040   Code   RO         4486    i.SCCB_WriteByte    bsp_sccb.o
    0x080024a8   0x00000010   Code   RO         4487    i.SCCB_delay        bsp_sccb.o
    0x080024b8   0x0000011c   Code   RO         4605    i.SDEnWideBus       bsp_sdio_sdcard.o
    0x080025d4   0x0000000c   Code   RO         1997    i.SDIO_ClearFlag    stm32f10x_sdio.o
    0x080025e0   0x0000000c   Code   RO         1998    i.SDIO_ClearITPendingBit  stm32f10x_sdio.o
    0x080025ec   0x0000000c   Code   RO         1999    i.SDIO_ClockCmd     stm32f10x_sdio.o
    0x080025f8   0x0000000c   Code   RO         2002    i.SDIO_DMACmd       stm32f10x_sdio.o
    0x08002604   0x00000030   Code   RO         2003    i.SDIO_DataConfig   stm32f10x_sdio.o
    0x08002634   0x00000024   Code   RO         2005    i.SDIO_DeInit       stm32f10x_sdio.o
    0x08002658   0x0000000c   Code   RO         2006    i.SDIO_GetCommandResponse  stm32f10x_sdio.o
    0x08002664   0x00000018   Code   RO         2009    i.SDIO_GetFlagStatus  stm32f10x_sdio.o
    0x0800267c   0x00000010   Code   RO         2011    i.SDIO_GetPowerState  stm32f10x_sdio.o
    0x0800268c   0x00000018   Code   RO         2012    i.SDIO_GetResponse  stm32f10x_sdio.o
    0x080026a4   0x00000008   Code   RO         3115    i.SDIO_IRQHandler   stm32f10x_it.o
    0x080026ac   0x00000020   Code   RO         2013    i.SDIO_ITConfig     stm32f10x_sdio.o
    0x080026cc   0x00000030   Code   RO         2014    i.SDIO_Init         stm32f10x_sdio.o
    0x080026fc   0x0000000c   Code   RO         2015    i.SDIO_ReadData     stm32f10x_sdio.o
    0x08002708   0x0000002c   Code   RO         2017    i.SDIO_SendCommand  stm32f10x_sdio.o
    0x08002734   0x0000001c   Code   RO         2019    i.SDIO_SetPowerState  stm32f10x_sdio.o
    0x08002750   0x00000010   Code   RO         4606    i.SD_DMAEndOfTransferStatus  bsp_sdio_sdcard.o
    0x08002760   0x00000064   Code   RO         4607    i.SD_DMA_RxConfig   bsp_sdio_sdcard.o
    0x080027c4   0x00000064   Code   RO         4608    i.SD_DMA_TxConfig   bsp_sdio_sdcard.o
    0x08002828   0x00000094   Code   RO         4610    i.SD_EnableWideBusOperation  bsp_sdio_sdcard.o
    0x080028bc   0x000002cc   Code   RO         4612    i.SD_GetCardInfo    bsp_sdio_sdcard.o
    0x08002b88   0x0000001a   Code   RO         4614    i.SD_GetState       bsp_sdio_sdcard.o
    0x08002ba2   0x0000001e   Code   RO         4615    i.SD_GetStatus      bsp_sdio_sdcard.o
    0x08002bc0   0x00000074   Code   RO         4617    i.SD_Init           bsp_sdio_sdcard.o
    0x08002c34   0x0000013c   Code   RO         4618    i.SD_InitializeCards  bsp_sdio_sdcard.o
    0x08002d70   0x00000188   Code   RO         4620    i.SD_PowerON        bsp_sdio_sdcard.o
    0x08002ef8   0x00000058   Code   RO         4621    i.SD_ProcessIRQSrc  bsp_sdio_sdcard.o
    0x08002f50   0x000000e8   Code   RO         4623    i.SD_ReadMultiBlocks  bsp_sdio_sdcard.o
    0x08003038   0x00000034   Code   RO         4624    i.SD_SelectDeselect  bsp_sdio_sdcard.o
    0x0800306c   0x00000038   Code   RO         4626    i.SD_SendStatus     bsp_sdio_sdcard.o
    0x080030a4   0x00000034   Code   RO         4628    i.SD_WaitReadOperation  bsp_sdio_sdcard.o
    0x080030d8   0x0000003c   Code   RO         4629    i.SD_WaitWriteOperation  bsp_sdio_sdcard.o
    0x08003114   0x00000148   Code   RO         4631    i.SD_WriteMultiBlocks  bsp_sdio_sdcard.o
    0x0800325c   0x00000002   Code   RO         3116    i.SVC_Handler       stm32f10x_it.o
    0x0800325e   0x00000002   PAD
    0x08003260   0x000001c4   Code   RO         3960    i.Screen_Shot       bsp_bmp.o
    0x08003424   0x00000008   Code   RO           24    i.SetSysClock       system_stm32f10x.o
    0x0800342c   0x000000e0   Code   RO           25    i.SetSysClockTo72   system_stm32f10x.o
    0x0800350c   0x00000034   Code   RO         3117    i.SysTick_Handler   stm32f10x_it.o
    0x08003540   0x00000078   Code   RO         3512    i.SysTick_Init      bsp_systick.o
    0x080035b8   0x00000060   Code   RO           27    i.SystemInit        system_stm32f10x.o
    0x08003618   0x00000018   Code   RO         2342    i.TIM_Cmd           stm32f10x_tim.o
    0x08003630   0x00000098   Code   RO         2371    i.TIM_OC1Init       stm32f10x_tim.o
    0x080036c8   0x00000012   Code   RO         2395    i.TIM_SelectInputTrigger  stm32f10x_tim.o
    0x080036da   0x00000012   Code   RO         2396    i.TIM_SelectMasterSlaveMode  stm32f10x_tim.o
    0x080036ec   0x00000012   Code   RO         2399    i.TIM_SelectOutputTrigger  stm32f10x_tim.o
    0x080036fe   0x00000012   Code   RO         2400    i.TIM_SelectSlaveMode  stm32f10x_tim.o
    0x08003710   0x000000a4   Code   RO         2413    i.TIM_TimeBaseInit  stm32f10x_tim.o
    0x080037b4   0x00000010   Code   RO         3513    i.TimeStamp_Increment  bsp_systick.o
    0x080037c4   0x00000018   Code   RO         3514    i.TimingDelay_Decrement  bsp_systick.o
    0x080037dc   0x00000008   Code   RO         3118    i.USART1_IRQHandler  stm32f10x_it.o
    0x080037e4   0x0000007c   Code   RO         3119    i.USART3_IRQHandler  stm32f10x_it.o
    0x08003860   0x00000012   Code   RO         2874    i.USART_ClearFlag   stm32f10x_usart.o
    0x08003872   0x0000001e   Code   RO         2875    i.USART_ClearITPendingBit  stm32f10x_usart.o
    0x08003890   0x00000018   Code   RO         2878    i.USART_Cmd         stm32f10x_usart.o
    0x080038a8   0x0000001a   Code   RO         2881    i.USART_GetFlagStatus  stm32f10x_usart.o
    0x080038c2   0x00000054   Code   RO         2882    i.USART_GetITStatus  stm32f10x_usart.o
    0x08003916   0x0000004a   Code   RO         2884    i.USART_ITConfig    stm32f10x_usart.o
    0x08003960   0x000000d8   Code   RO         2885    i.USART_Init        stm32f10x_usart.o
    0x08003a38   0x0000000a   Code   RO         2892    i.USART_ReceiveData  stm32f10x_usart.o
    0x08003a42   0x00000008   Code   RO         2895    i.USART_SendData    stm32f10x_usart.o
    0x08003a4a   0x00000106   Code   RO         3492    i.USART_printf      common.o
    0x08003b50   0x00000004   Code   RO         3120    i.UsageFault_Handler  stm32f10x_it.o
    0x08003b54   0x0000001e   Code   RO         3690    i.Usart_SendByte    bsp_usart_blt.o
    0x08003b72   0x0000001c   Code   RO         3692    i.Usart_SendString  bsp_usart_blt.o
    0x08003b8e   0x00000002   PAD
    0x08003b90   0x0000007c   Code   RO         4426    i.VSYNC_GPIO_Config  bsp_ov7725.o
    0x08003c0c   0x00000020   Code   RO         4988    i.__0printf$5       mc_w.l(printf5.o)
    0x08003c2c   0x00000028   Code   RO         4990    i.__0sprintf$5      mc_w.l(printf5.o)
    0x08003c54   0x0000000e   Code   RO         5170    i.__scatterload_copy  mc_w.l(handlers.o)
    0x08003c62   0x00000002   Code   RO         5171    i.__scatterload_null  mc_w.l(handlers.o)
    0x08003c64   0x0000000e   Code   RO         5172    i.__scatterload_zeroinit  mc_w.l(handlers.o)
    0x08003c72   0x00000002   PAD
    0x08003c74   0x000002c0   Code   RO         4995    i._printf_core      mc_w.l(printf5.o)
    0x08003f34   0x0000000a   Code   RO         4997    i._sputc            mc_w.l(printf5.o)
    0x08003f3e   0x00000002   PAD
    0x08003f40   0x000001e4   Code   RO         3559    i.bleInit           bsp_hc05.o
    0x08004124   0x00000050   Code   RO         3693    i.bsp_USART_Process  bsp_usart_blt.o
    0x08004174   0x00000038   Code   RO         3781    i.check             phores.o
    0x080041ac   0x00000090   Code   RO         4006    i.check_fs          ff.o
    0x0800423c   0x00000014   Code   RO         4007    i.chk_chr           ff.o
    0x08004250   0x00000028   Code   RO         3694    i.clean_rebuff      bsp_usart_blt.o
    0x08004278   0x0000001a   Code   RO         4008    i.clust2sect        ff.o
    0x08004292   0x00000002   PAD
    0x08004294   0x000000a0   Code   RO         4009    i.cmp_lfn           ff.o
    0x08004334   0x000000d6   Code   RO         4010    i.create_chain      ff.o
    0x0800440a   0x00000002   PAD
    0x0800440c   0x00000230   Code   RO         4011    i.create_name       ff.o
    0x0800463c   0x000000b0   Code   RO         3468    i.decodeKey         keyboard.o
    0x080046ec   0x0000005c   Code   RO         4012    i.dir_alloc         ff.o
    0x08004748   0x000000ea   Code   RO         4013    i.dir_find          ff.o
    0x08004832   0x0000013a   Code   RO         4014    i.dir_next          ff.o
    0x0800496c   0x0000012a   Code   RO         4016    i.dir_register      ff.o
    0x08004a96   0x000000c8   Code   RO         4018    i.dir_sdi           ff.o
    0x08004b5e   0x0000002a   Code   RO         4335    i.disk_initialize   diskio.o
    0x08004b88   0x00000054   Code   RO         4336    i.disk_ioctl        diskio.o
    0x08004bdc   0x000000ae   Code   RO         4337    i.disk_read         diskio.o
    0x08004c8a   0x0000001c   Code   RO         4338    i.disk_status       diskio.o
    0x08004ca6   0x000000b4   Code   RO         4339    i.disk_write        diskio.o
    0x08004d5a   0x00000020   Code   RO         4020    i.f_close           ff.o
    0x08004d7a   0x00000002   PAD
    0x08004d7c   0x0000005c   Code   RO         4027    i.f_mount           ff.o
    0x08004dd8   0x0000017e   Code   RO         4028    i.f_open            ff.o
    0x08004f56   0x000000b0   Code   RO         4037    i.f_sync            ff.o
    0x08005006   0x0000020c   Code   RO         4041    i.f_write           ff.o
    0x08005212   0x00000002   PAD
    0x08005214   0x0000004c   Code   RO         4390    i.ff_convert        ccsbcs.o
    0x08005260   0x0000005c   Code   RO         4391    i.ff_wtoupper       ccsbcs.o
    0x080052bc   0x000003d8   Code   RO         4042    i.find_volume       ff.o
    0x08005694   0x00000080   Code   RO         4043    i.fit_lfn           ff.o
    0x08005714   0x00000090   Code   RO         4044    i.follow_path       ff.o
    0x080057a4   0x00000024   Code   RO         3663    i.fputc             bsp_usart.o
    0x080057c8   0x000000b4   Code   RO         4045    i.gen_numname       ff.o
    0x0800587c   0x000000bc   Code   RO         3469    i.getKeyboardInput  keyboard.o
    0x08005938   0x0000013e   Code   RO         4046    i.get_fat           ff.o
    0x08005a76   0x00000002   PAD
    0x08005a78   0x00000008   Code   RO         4340    i.get_fattime       diskio.o
    0x08005a80   0x0000004a   Code   RO         4048    i.get_ldnumber      ff.o
    0x08005aca   0x0000004c   Code   RO         3561    i.get_line          bsp_hc05.o
    0x08005b16   0x00000002   PAD
    0x08005b18   0x00000014   Code   RO         3695    i.get_rebuff        bsp_usart_blt.o
    0x08005b2c   0x0000005e   Code   RO         3562    i.htoul             bsp_hc05.o
    0x08005b8a   0x00000002   PAD
    0x08005b8c   0x00000064   Code   RO         3219    i.initAll           main.o
    0x08005bf0   0x00000062   Code   RO         3493    i.itoa              common.o
    0x08005c52   0x00000002   PAD
    0x08005c54   0x00000084   Code   RO         3470    i.keyboardConfiguration  keyboard.o
    0x08005cd8   0x00000020   Code   RO         4049    i.ld_clust          ff.o
    0x08005cf8   0x00000010   Code   RO         3563    i.linkHC05          bsp_hc05.o
    0x08005d08   0x000004d0   Code   RO         3220    i.main              main.o
    0x080061d8   0x00000024   Code   RO         3516    i.mdelay            bsp_systick.o
    0x080061fc   0x00000026   Code   RO         4050    i.mem_cmp           ff.o
    0x08006222   0x0000001a   Code   RO         4051    i.mem_cpy           ff.o
    0x0800623c   0x00000014   Code   RO         4052    i.mem_set           ff.o
    0x08006250   0x00000034   Code   RO         4053    i.move_window       ff.o
    0x08006284   0x00000024   Code   RO         3753    i.openDoor          pwm.o
    0x080062a8   0x0000024c   Code   RO         3564    i.parseBluetoothAddress  bsp_hc05.o
    0x080064f4   0x00000188   Code   RO         4055    i.put_fat           ff.o
    0x0800667c   0x0000006c   Code   RO         4057    i.remove_chain      ff.o
    0x080066e8   0x00000014   Code   RO         3566    i.rssiScan          bsp_hc05.o
    0x080066fc   0x00000036   Code   RO         3567    i.skipPrefix        bsp_hc05.o
    0x08006732   0x00000010   Code   RO         4058    i.st_clust          ff.o
    0x08006742   0x00000002   PAD
    0x08006744   0x00000064   Code   RO         3568    i.strBLTAddr        bsp_hc05.o
    0x080067a8   0x00000020   Code   RO         4059    i.sum_sfn           ff.o
    0x080067c8   0x000000c8   Code   RO         4060    i.sync_fs           ff.o
    0x08006890   0x00000052   Code   RO         4061    i.sync_window       ff.o
    0x080068e2   0x00000032   Code   RO         4062    i.validate          ff.o
    0x08006914   0x000005f0   Data   RO         3324    .constdata          lcd.o
    0x08006f04   0x0000002a   Data   RO         3570    .constdata          bsp_hc05.o
    0x08006f2e   0x000000ba   Data   RO         4063    .constdata          ff.o
    0x08006fe8   0x000008b8   Data   RO         4392    .constdata          ccsbcs.o
    0x080078a0   0x00000020   Data   RO         5168    Region$$Table       anon$$obj.o


    Execution Region RW_IRAM1 (Base: 0x20000000, Size: 0x000045a0, Max: 0x00010000, ABSOLUTE, COMPRESSED[0x000000d0])

    Base Addr    Size         Type   Attr      Idx    E Section Name        Object

    0x20000000   0x00000014   Data   RW           28    .data               system_stm32f10x.o
    0x20000014   0x00000014   Data   RW         1738    .data               stm32f10x_rcc.o
    0x20000028   0x00000040   Data   RW         3222    .data               main.o
    0x20000068   0x00000008   Data   RW         3517    .data               bsp_systick.o
    0x20000070   0x00000002   Data   RW         3697    .data               bsp_usart_blt.o
    0x20000072   0x00000001   Data   RW         3964    .data               bsp_bmp.o
    0x20000073   0x00000001   PAD
    0x20000074   0x0000000a   Data   RW         4064    .data               ff.o
    0x2000007e   0x000000b0   Data   RW         4427    .data               bsp_ov7725.o
    0x2000012e   0x00000002   PAD
    0x20000130   0x00000014   Data   RW         4634    .data               bsp_sdio_sdcard.o
    0x20000144   0x00000004   Data   RW         4835    .data               mc_w.l(rand.o)
    0x20000148   0x00000004   Data   RW         5140    .data               mc_w.l(stdout.o)
    0x2000014c   0x00001360   Zero   RW         3221    .bss                main.o
    0x200014ac   0x00000400   Zero   RW         3696    .bss                bsp_usart_blt.o
    0x200018ac   0x00000010   Zero   RW         3754    .bss                pwm.o
    0x200018bc   0x00000014   Zero   RW         3782    .bss                phores.o
    0x200018d0   0x00000402   Zero   RW         3835    .bss                bsp_esp8266.o
    0x20001cd2   0x00000002   PAD
    0x20001cd4   0x00002408   Zero   RW         3963    .bss                bsp_bmp.o
    0x200040dc   0x000000c4   Zero   RW         4633    .bss                bsp_sdio_sdcard.o
    0x200041a0   0x00000400   Zero   RW            1    STACK               startup_stm32f10x_hd.o


==============================================================================

Image component sizes


      Code (inc. data)   RO Data    RW Data    ZI Data      Debug   Object Name

       452         64          0          1       9224       6902   bsp_bmp.o
      1328        302          0          0       1026      11189   bsp_esp8266.o
      1768        322         42          0          0      10057   bsp_hc05.o
        96          6          0          0          0        534   bsp_led.o
       784         34          0        176          0       4677   bsp_ov7725.o
       746         36          0          0          0       6296   bsp_sccb.o
      4092        284          0         20        196      22088   bsp_sdio_sdcard.o
       196         26          0          8          0      17877   bsp_systick.o
        36          4          0          0          0        576   bsp_usart.o
       388         40          0          2       1024       4549   bsp_usart_blt.o
       168         14       2232          0          0       2435   ccsbcs.o
       360          0          0          0          0       2679   common.o
         0          0          0          0          0       4500   core_cm3.o
       516         10          0          0          0      12125   diskio.o
      6344         70        186         10          0      35902   ff.o
       496         62          0          0          0       1991   keyboard.o
      1788         42       1520          0          0      10911   lcd.o
      1332        302          0         64       4960      16992   main.o
       132         22          0          0          0       1563   misc.o
       172         16          0          0         20       1482   phores.o
       300         32          0          0         16       1356   pwm.o
        36          8        304          0       1024        872   startup_stm32f10x_hd.o
       376         10          0          0          0       7501   stm32f10x_adc.o
       156         18          0          0          0       3949   stm32f10x_dma.o
       216         22          0          0          0       2675   stm32f10x_exti.o
       282          6          0          0          0       1841   stm32f10x_fsmc.o
       368          4          0          0          0       4326   stm32f10x_gpio.o
       308         30          0          0          0       7259   stm32f10x_it.o
       332         44          0         20          0       5613   stm32f10x_rcc.o
       372         86          0          0          0       9819   stm32f10x_sdio.o
       412         62          0          0          0       4844   stm32f10x_tim.o
       490          6          0          0          0       7445   stm32f10x_usart.o
       328         28          0         20          0     289113   system_stm32f10x.o
        28          0          0          0          0        526   utility.o

    ----------------------------------------------------------------------
     25236       2012       4316        324      17492     522464   Object Totals
         0          0         32          0          0          0   (incl. Generated)
        38          0          0          3          2          0   (incl. Padding)

    ----------------------------------------------------------------------

      Code (inc. data)   RO Data    RW Data    ZI Data      Debug   Library Member Name

        86          0          0          0          0          0   __dczerorl2.o
         0          0          0          0          0          0   entry.o
         0          0          0          0          0          0   entry10a.o
         0          0          0          0          0          0   entry11a.o
         8          4          0          0          0          0   entry2.o
         4          0          0          0          0          0   entry5.o
         0          0          0          0          0          0   entry7b.o
         0          0          0          0          0          0   entry8b.o
         8          4          0          0          0          0   entry9a.o
        30          0          0          0          0          0   handlers.o
        36          8          0          0          0         68   init.o
        30          0          0          0          0         68   llshl.o
        32          0          0          0          0         68   llushr.o
        36          0          0          0          0         68   memcpya.o
        36          0          0          0          0        108   memseta.o
       786         62          0          0          0        336   printf5.o
        36         10          0          4          0        136   rand.o
         0          0          0          4          0          0   stdout.o
        20          0          0          0          0         68   strchr.o
        28          0          0          0          0         76   strcmp.o
        14          0          0          0          0         68   strlen.o
        30          0          0          0          0         80   strncmp.o
        36          0          0          0          0         80   strstr.o
        98          0          0          0          0         92   uldiv.o

    ----------------------------------------------------------------------
      1360         88          0          8          0       1316   Library Totals
         6          0          0          0          0          0   (incl. Padding)

    ----------------------------------------------------------------------

      Code (inc. data)   RO Data    RW Data    ZI Data      Debug   Library Name

      1354         88          0          8          0       1316   mc_w.l

    ----------------------------------------------------------------------
      1360         88          0          8          0       1316   Library Totals

    ----------------------------------------------------------------------

==============================================================================


      Code (inc. data)   RO Data    RW Data    ZI Data      Debug   

     26596       2100       4316        332      17492     511688   Grand Totals
     26596       2100       4316        208      17492     511688   ELF Image Totals (compressed)
     26596       2100       4316        208          0          0   ROM Totals

==============================================================================

    Total RO  Size (Code + RO Data)                30912 (  30.19kB)
    Total RW  Size (RW Data + ZI Data)             17824 (  17.41kB)
    Total ROM Size (Code + RO Data + RW Data)      31120 (  30.39kB)

==============================================================================

